23:18:28 **** Build of configuration Debug for project exercise_05 ****
make pre-build main-build 
a9-linaro-pre-build-step
' '
'Building file: ../src/exercise_05.c'
'Invoking: ARM v7 gcc compiler'
arm-none-eabi-gcc -Wall -O0 -g3 -c -fmessage-length=0 -MT"src/exercise_05.o" -mcpu=cortex-a9 -mfpu=vfpv3 -mfloat-abi=hard -I../../standalone_bsp_2/ps7_cortexa9_0/include -MMD -MP -MF"src/exercise_05.d" -MT"src/exercise_05.o" -o "src/exercise_05.o" "../src/exercise_05.c"
In file included from ../src/exercise_05.c:50:0:
../../standalone_bsp_2/ps7_cortexa9_0/include/xbasic_types.h:115:2: warning: #warning The xbasics_type.h file is deprecated and users should use xil_types.h and xil_assert. [-Wcpp]
 #warning  The xbasics_type.h file is deprecated and users should use xil_types.h and xil_assert.
  ^~~~~~~
../../standalone_bsp_2/ps7_cortexa9_0/include/xbasic_types.h:116:2: warning: #warning Please refer the Standalone BSP UG647 for further details [-Wcpp]
 #warning  Please refer the Standalone BSP UG647 for further details
  ^~~~~~~
'Finished building: ../src/exercise_05.c'
' '
'Building file: ../src/platform.c'
'Invoking: ARM v7 gcc compiler'
arm-none-eabi-gcc -Wall -O0 -g3 -c -fmessage-length=0 -MT"src/platform.o" -mcpu=cortex-a9 -mfpu=vfpv3 -mfloat-abi=hard -I../../standalone_bsp_2/ps7_cortexa9_0/include -MMD -MP -MF"src/platform.d" -MT"src/platform.o" -o "src/platform.o" "../src/platform.c"
'Finished building: ../src/platform.c'
' '
'Building target: exercise_05.elf'
'Invoking: ARM v7 gcc linker'
arm-none-eabi-gcc -mcpu=cortex-a9 -mfpu=vfpv3 -mfloat-abi=hard -Wl,-build-id=none -specs=Xilinx.spec -Wl,-T -Wl,../src/lscript.ld -L../../standalone_bsp_2/ps7_cortexa9_0/lib -o "exercise_05.elf"  ./src/exercise_05.o ./src/platform.o   -Wl,--start-group,-lxil,-lgcc,-lc,--end-group
'Finished building target: exercise_05.elf'
' '
'Invoking: ARM v7 Print Size'
arm-none-eabi-size exercise_05.elf  |tee "exercise_05.elf.size"
   text	   data	    bss	    dec	    hex	filename
  30044	   2792	  22648	  55484	   d8bc	exercise_05.elf
'Finished building: exercise_05.elf.size'
' '

23:18:29 Build Finished (took 783ms)

