01:01:00 **** Incremental Build of configuration Debug for project zed_LEDs ****
make pre-build main-build 
a9-linaro-pre-build-step
' '
'Building file: ../src/zed_LEDs.c'
'Invoking: ARM v7 gcc compiler'
arm-none-eabi-gcc -Wall -O0 -g3 -c -fmessage-length=0 -MT"src/zed_LEDs.o" -mcpu=cortex-a9 -mfpu=vfpv3 -mfloat-abi=hard -I../../standalone_bsp_2/ps7_cortexa9_0/include -MMD -MP -MF"src/zed_LEDs.d" -MT"src/zed_LEDs.o" -o "src/zed_LEDs.o" "../src/zed_LEDs.c"
In file included from ../src/zed_LEDs.c:7:0:
../../standalone_bsp_2/ps7_cortexa9_0/include/xbasic_types.h:115:2: warning: #warning The xbasics_type.h file is deprecated and users should use xil_types.h and xil_assert. [-Wcpp]
 #warning  The xbasics_type.h file is deprecated and users should use xil_types.h and xil_assert.
  ^~~~~~~
../../standalone_bsp_2/ps7_cortexa9_0/include/xbasic_types.h:116:2: warning: #warning Please refer the Standalone BSP UG647 for further details [-Wcpp]
 #warning  Please refer the Standalone BSP UG647 for further details
  ^~~~~~~
../src/zed_LEDs.c:48:0: warning: "UART_DEVICE_ID" redefined
 #define UART_DEVICE_ID  XPAR_XUARTPS_0_DEVICE_ID
 
In file included from ../src/platform.h:36:0,
                 from ../src/zed_LEDs.c:6:
../src/platform_config.h:5:0: note: this is the location of the previous definition
 #define UART_DEVICE_ID 0
 
../src/zed_LEDs.c: In function 'main':
../src/zed_LEDs.c:142:14: warning: implicit declaration of function 'SetupUartPs' [-Wimplicit-function-declaration]
     Status = SetupUartPs(&UartInterruptController, &UartPs,
              ^~~~~~~~~~~
../src/zed_LEDs.c:142:27: error: 'UartInterruptController' undeclared (first use in this function); did you mean 'InterruptController'?
     Status = SetupUartPs(&UartInterruptController, &UartPs,
                           ^~~~~~~~~~~~~~~~~~~~~~~
                           InterruptController
../src/zed_LEDs.c:142:27: note: each undeclared identifier is reported only once for each function it appears in
../src/zed_LEDs.c: In function 'UartPsISR':
../src/zed_LEDs.c:370:3: error: 'TotalSentCount' undeclared (first use in this function)
   TotalSentCount = EventData;
   ^~~~~~~~~~~~~~
../src/zed_LEDs.c:376:3: error: 'TotalReceivedCount' undeclared (first use in this function); did you mean 'TotalSentCount'?
   TotalReceivedCount = EventData;
   ^~~~~~~~~~~~~~~~~~
   TotalSentCount
../src/zed_LEDs.c:395:3: error: 'TotalErrorCount' undeclared (first use in this function); did you mean 'TotalSentCount'?
   TotalErrorCount++;
   ^~~~~~~~~~~~~~~
   TotalSentCount
../src/zed_LEDs.c: At top level:
../src/zed_LEDs.c:479:5: error: conflicting types for 'SetupUartPs'
 int SetupUartPs(INTC *IntcInstPtr, XUartPs *UartInstPtr,
     ^~~~~~~~~~~
../src/zed_LEDs.c:481:1: note: an argument type that has a default promotion can't match an empty parameter name list declaration
 {
 ^
../src/zed_LEDs.c:142:14: note: previous implicit declaration of 'SetupUartPs' was here
     Status = SetupUartPs(&UartInterruptController, &UartPs,
              ^~~~~~~~~~~
../src/zed_LEDs.c: In function 'SetupUartPs':
../src/zed_LEDs.c:486:6: warning: unused variable 'BadByteCount' [-Wunused-variable]
  int BadByteCount = 0;
      ^~~~~~~~~~~~
../src/zed_LEDs.c:484:6: warning: unused variable 'Index' [-Wunused-variable]
  int Index;
      ^~~~~
../src/zed_LEDs.c: At top level:
../src/zed_LEDs.c:557:6: error: redefinition of 'UartPsISR'
 void UartPsISR(void *CallBackRef, u32 Event, unsigned int EventData)
      ^~~~~~~~~
../src/zed_LEDs.c:364:6: note: previous definition of 'UartPsISR' was here
 void UartPsISR(void *CallBackRef, u32 Event, unsigned int EventData)
      ^~~~~~~~~
../src/zed_LEDs.c: In function 'UartPsISR':
../src/zed_LEDs.c:563:3: error: 'TotalSentCount' undeclared (first use in this function)
   TotalSentCount = EventData;
   ^~~~~~~~~~~~~~
../src/zed_LEDs.c:569:3: error: 'TotalReceivedCount' undeclared (first use in this function); did you mean 'TotalSentCount'?
   TotalReceivedCount = EventData;
   ^~~~~~~~~~~~~~~~~~
   TotalSentCount
../src/zed_LEDs.c:588:3: error: 'TotalErrorCount' undeclared (first use in this function); did you mean 'TotalSentCount'?
   TotalErrorCount++;
   ^~~~~~~~~~~~~~~
   TotalSentCount
At top level:
../src/zed_LEDs.c:95:11: warning: 'RecvBuffer' defined but not used [-Wunused-variable]
 static u8 RecvBuffer[TEST_BUFFER_SIZE]; /* Buffer for Receiving Data */
           ^~~~~~~~~~
make: *** [src/zed_LEDs.o] Error 1
01:05:54 **** Auto Build of configuration Debug for project zed_LEDs ****
make pre-build main-build 
a9-linaro-pre-build-step
' '
'Building file: ../src/zed_LEDs.c'
'Invoking: ARM v7 gcc compiler'
arm-none-eabi-gcc -Wall -O0 -g3 -c -fmessage-length=0 -MT"src/zed_LEDs.o" -mcpu=cortex-a9 -mfpu=vfpv3 -mfloat-abi=hard -I../../standalone_bsp_2/ps7_cortexa9_0/include -MMD -MP -MF"src/zed_LEDs.d" -MT"src/zed_LEDs.o" -o "src/zed_LEDs.o" "../src/zed_LEDs.c"
In file included from ../src/zed_LEDs.c:7:0:
../../standalone_bsp_2/ps7_cortexa9_0/include/xbasic_types.h:115:2: warning: #warning The xbasics_type.h file is deprecated and users should use xil_types.h and xil_assert. [-Wcpp]
 #warning  The xbasics_type.h file is deprecated and users should use xil_types.h and xil_assert.
  ^~~~~~~
../../standalone_bsp_2/ps7_cortexa9_0/include/xbasic_types.h:116:2: warning: #warning Please refer the Standalone BSP UG647 for further details [-Wcpp]
 #warning  Please refer the Standalone BSP UG647 for further details
  ^~~~~~~
../src/zed_LEDs.c:48:0: warning: "UART_DEVICE_ID" redefined
 #define UART_DEVICE_ID  XPAR_XUARTPS_0_DEVICE_ID
 
In file included from ../src/platform.h:36:0,
                 from ../src/zed_LEDs.c:6:
../src/platform_config.h:5:0: note: this is the location of the previous definition
 #define UART_DEVICE_ID 0
 
../src/zed_LEDs.c: In function 'main':
../src/zed_LEDs.c:142:27: error: 'UartInterruptController' undeclared (first use in this function); did you mean 'InterruptController'?
     Status = SetupUartPs(&UartInterruptController, &UartPs,
                           ^~~~~~~~~~~~~~~~~~~~~~~
                           InterruptController
../src/zed_LEDs.c:142:27: note: each undeclared identifier is reported only once for each function it appears in
../src/zed_LEDs.c: In function 'UartPsISR':
../src/zed_LEDs.c:370:3: error: 'TotalSentCount' undeclared (first use in this function)
   TotalSentCount = EventData;
   ^~~~~~~~~~~~~~
../src/zed_LEDs.c:376:3: error: 'TotalReceivedCount' undeclared (first use in this function); did you mean 'TotalSentCount'?
   TotalReceivedCount = EventData;
   ^~~~~~~~~~~~~~~~~~
   TotalSentCount
../src/zed_LEDs.c:395:3: error: 'TotalErrorCount' undeclared (first use in this function); did you mean 'TotalSentCount'?
   TotalErrorCount++;
   ^~~~~~~~~~~~~~~
   TotalSentCount
../src/zed_LEDs.c: In function 'SetupUartPs':
../src/zed_LEDs.c:486:6: warning: unused variable 'BadByteCount' [-Wunused-variable]
  int BadByteCount = 0;
      ^~~~~~~~~~~~
../src/zed_LEDs.c:484:6: warning: unused variable 'Index' [-Wunused-variable]
  int Index;
      ^~~~~
../src/zed_LEDs.c: At top level:
../src/zed_LEDs.c:557:6: error: redefinition of 'UartPsISR'
 void UartPsISR(void *CallBackRef, u32 Event, unsigned int EventData)
      ^~~~~~~~~
../src/zed_LEDs.c:364:6: note: previous definition of 'UartPsISR' was here
 void UartPsISR(void *CallBackRef, u32 Event, unsigned int EventData)
      ^~~~~~~~~
../src/zed_LEDs.c: In function 'UartPsISR':
../src/zed_LEDs.c:563:3: error: 'TotalSentCount' undeclared (first use in this function)
   TotalSentCount = EventData;
   ^~~~~~~~~~~~~~
../src/zed_LEDs.c:569:3: error: 'TotalReceivedCount' undeclared (first use in this function); did you mean 'TotalSentCount'?
   TotalReceivedCount = EventData;
   ^~~~~~~~~~~~~~~~~~
   TotalSentCount
../src/zed_LEDs.c:588:3: error: 'TotalErrorCount' undeclared (first use in this function); did you mean 'TotalSentCount'?
   TotalErrorCount++;
   ^~~~~~~~~~~~~~~
   TotalSentCount
At top level:
../src/zed_LEDs.c:95:11: warning: 'RecvBuffer' defined but not used [-Wunused-variable]
 static u8 RecvBuffer[TEST_BUFFER_SIZE]; /* Buffer for Receiving Data */
           ^~~~~~~~~~
make: *** [src/zed_LEDs.o] Error 1
01:07:25 **** Auto Build of configuration Debug for project zed_LEDs ****
make pre-build main-build 
a9-linaro-pre-build-step
' '
'Building file: ../src/zed_LEDs.c'
'Invoking: ARM v7 gcc compiler'
arm-none-eabi-gcc -Wall -O0 -g3 -c -fmessage-length=0 -MT"src/zed_LEDs.o" -mcpu=cortex-a9 -mfpu=vfpv3 -mfloat-abi=hard -I../../standalone_bsp_2/ps7_cortexa9_0/include -MMD -MP -MF"src/zed_LEDs.d" -MT"src/zed_LEDs.o" -o "src/zed_LEDs.o" "../src/zed_LEDs.c"
In file included from ../src/zed_LEDs.c:7:0:
../../standalone_bsp_2/ps7_cortexa9_0/include/xbasic_types.h:115:2: warning: #warning The xbasics_type.h file is deprecated and users should use xil_types.h and xil_assert. [-Wcpp]
 #warning  The xbasics_type.h file is deprecated and users should use xil_types.h and xil_assert.
  ^~~~~~~
../../standalone_bsp_2/ps7_cortexa9_0/include/xbasic_types.h:116:2: warning: #warning Please refer the Standalone BSP UG647 for further details [-Wcpp]
 #warning  Please refer the Standalone BSP UG647 for further details
  ^~~~~~~
../src/zed_LEDs.c:48:0: warning: "UART_DEVICE_ID" redefined
 #define UART_DEVICE_ID  XPAR_XUARTPS_0_DEVICE_ID
 
In file included from ../src/platform.h:36:0,
                 from ../src/zed_LEDs.c:6:
../src/platform_config.h:5:0: note: this is the location of the previous definition
 #define UART_DEVICE_ID 0
 
../src/zed_LEDs.c: In function 'UartPsISR':
../src/zed_LEDs.c:370:3: error: 'TotalSentCount' undeclared (first use in this function)
   TotalSentCount = EventData;
   ^~~~~~~~~~~~~~
../src/zed_LEDs.c:370:3: note: each undeclared identifier is reported only once for each function it appears in
../src/zed_LEDs.c:376:3: error: 'TotalReceivedCount' undeclared (first use in this function); did you mean 'TotalSentCount'?
   TotalReceivedCount = EventData;
   ^~~~~~~~~~~~~~~~~~
   TotalSentCount
../src/zed_LEDs.c:395:3: error: 'TotalErrorCount' undeclared (first use in this function); did you mean 'TotalSentCount'?
   TotalErrorCount++;
   ^~~~~~~~~~~~~~~
   TotalSentCount
../src/zed_LEDs.c: In function 'SetupUartPs':
../src/zed_LEDs.c:486:6: warning: unused variable 'BadByteCount' [-Wunused-variable]
  int BadByteCount = 0;
      ^~~~~~~~~~~~
../src/zed_LEDs.c:484:6: warning: unused variable 'Index' [-Wunused-variable]
  int Index;
      ^~~~~
../src/zed_LEDs.c: At top level:
../src/zed_LEDs.c:557:6: error: redefinition of 'UartPsISR'
 void UartPsISR(void *CallBackRef, u32 Event, unsigned int EventData)
      ^~~~~~~~~
../src/zed_LEDs.c:364:6: note: previous definition of 'UartPsISR' was here
 void UartPsISR(void *CallBackRef, u32 Event, unsigned int EventData)
      ^~~~~~~~~
../src/zed_LEDs.c: In function 'UartPsISR':
../src/zed_LEDs.c:563:3: error: 'TotalSentCount' undeclared (first use in this function)
   TotalSentCount = EventData;
   ^~~~~~~~~~~~~~
../src/zed_LEDs.c:569:3: error: 'TotalReceivedCount' undeclared (first use in this function); did you mean 'TotalSentCount'?
   TotalReceivedCount = EventData;
   ^~~~~~~~~~~~~~~~~~
   TotalSentCount
../src/zed_LEDs.c:588:3: error: 'TotalErrorCount' undeclared (first use in this function); did you mean 'TotalSentCount'?
   TotalErrorCount++;
   ^~~~~~~~~~~~~~~
   TotalSentCount
At top level:
../src/zed_LEDs.c:95:11: warning: 'RecvBuffer' defined but not used [-Wunused-variable]
 static u8 RecvBuffer[TEST_BUFFER_SIZE]; /* Buffer for Receiving Data */
           ^~~~~~~~~~
make: *** [src/zed_LEDs.o] Error 1
01:08:32 **** Auto Build of configuration Debug for project zed_LEDs ****
make pre-build main-build 
a9-linaro-pre-build-step
' '
'Building file: ../src/zed_LEDs.c'
'Invoking: ARM v7 gcc compiler'
arm-none-eabi-gcc -Wall -O0 -g3 -c -fmessage-length=0 -MT"src/zed_LEDs.o" -mcpu=cortex-a9 -mfpu=vfpv3 -mfloat-abi=hard -I../../standalone_bsp_2/ps7_cortexa9_0/include -MMD -MP -MF"src/zed_LEDs.d" -MT"src/zed_LEDs.o" -o "src/zed_LEDs.o" "../src/zed_LEDs.c"
In file included from ../src/zed_LEDs.c:7:0:
../../standalone_bsp_2/ps7_cortexa9_0/include/xbasic_types.h:115:2: warning: #warning The xbasics_type.h file is deprecated and users should use xil_types.h and xil_assert. [-Wcpp]
 #warning  The xbasics_type.h file is deprecated and users should use xil_types.h and xil_assert.
  ^~~~~~~
../../standalone_bsp_2/ps7_cortexa9_0/include/xbasic_types.h:116:2: warning: #warning Please refer the Standalone BSP UG647 for further details [-Wcpp]
 #warning  Please refer the Standalone BSP UG647 for further details
  ^~~~~~~
../src/zed_LEDs.c:48:0: warning: "UART_DEVICE_ID" redefined
 #define UART_DEVICE_ID  XPAR_XUARTPS_0_DEVICE_ID
 
In file included from ../src/platform.h:36:0,
                 from ../src/zed_LEDs.c:6:
../src/platform_config.h:5:0: note: this is the location of the previous definition
 #define UART_DEVICE_ID 0
 
../src/zed_LEDs.c:382:2: error: expected identifier or '(' before 'if'
  if (Event == XUARTPS_EVENT_RECV_TOUT) {
  ^~
../src/zed_LEDs.c:390:2: error: expected identifier or '(' before 'if'
  if (Event == XUARTPS_EVENT_RECV_ERROR) {
  ^~
../src/zed_LEDs.c:399:2: error: expected identifier or '(' before 'if'
  if (Event == XUARTPS_EVENT_PARE_FRAME_BRKE) {
  ^~
../src/zed_LEDs.c:407:2: error: expected identifier or '(' before 'if'
  if (Event == XUARTPS_EVENT_RECV_ORERR) {
  ^~
../src/zed_LEDs.c:410:1: error: expected identifier or '(' before '}' token
 }
 ^
../src/zed_LEDs.c: In function 'SetupUartPs':
../src/zed_LEDs.c:477:6: warning: unused variable 'BadByteCount' [-Wunused-variable]
  int BadByteCount = 0;
      ^~~~~~~~~~~~
../src/zed_LEDs.c:475:6: warning: unused variable 'Index' [-Wunused-variable]
  int Index;
      ^~~~~
../src/zed_LEDs.c: At top level:
../src/zed_LEDs.c:548:6: error: redefinition of 'UartPsISR'
 void UartPsISR(void *CallBackRef, u32 Event, unsigned int EventData)
      ^~~~~~~~~
../src/zed_LEDs.c:364:6: note: previous definition of 'UartPsISR' was here
 void UartPsISR(void *CallBackRef, u32 Event, unsigned int EventData)
      ^~~~~~~~~
../src/zed_LEDs.c: In function 'UartPsISR':
../src/zed_LEDs.c:554:3: error: 'TotalSentCount' undeclared (first use in this function)
   TotalSentCount = EventData;
   ^~~~~~~~~~~~~~
../src/zed_LEDs.c:554:3: note: each undeclared identifier is reported only once for each function it appears in
../src/zed_LEDs.c:560:3: error: 'TotalReceivedCount' undeclared (first use in this function); did you mean 'TotalSentCount'?
   TotalReceivedCount = EventData;
   ^~~~~~~~~~~~~~~~~~
   TotalSentCount
../src/zed_LEDs.c:579:3: error: 'TotalErrorCount' undeclared (first use in this function); did you mean 'TotalSentCount'?
   TotalErrorCount++;
   ^~~~~~~~~~~~~~~
   TotalSentCount
At top level:
../src/zed_LEDs.c:95:11: warning: 'RecvBuffer' defined but not used [-Wunused-variable]
 static u8 RecvBuffer[TEST_BUFFER_SIZE]; /* Buffer for Receiving Data */
           ^~~~~~~~~~
make: *** [src/zed_LEDs.o] Error 1
01:08:53 **** Auto Build of configuration Debug for project zed_LEDs ****
make pre-build main-build 
a9-linaro-pre-build-step
' '
'Building file: ../src/zed_LEDs.c'
'Invoking: ARM v7 gcc compiler'
arm-none-eabi-gcc -Wall -O0 -g3 -c -fmessage-length=0 -MT"src/zed_LEDs.o" -mcpu=cortex-a9 -mfpu=vfpv3 -mfloat-abi=hard -I../../standalone_bsp_2/ps7_cortexa9_0/include -MMD -MP -MF"src/zed_LEDs.d" -MT"src/zed_LEDs.o" -o "src/zed_LEDs.o" "../src/zed_LEDs.c"
In file included from ../src/zed_LEDs.c:7:0:
../../standalone_bsp_2/ps7_cortexa9_0/include/xbasic_types.h:115:2: warning: #warning The xbasics_type.h file is deprecated and users should use xil_types.h and xil_assert. [-Wcpp]
 #warning  The xbasics_type.h file is deprecated and users should use xil_types.h and xil_assert.
  ^~~~~~~
../../standalone_bsp_2/ps7_cortexa9_0/include/xbasic_types.h:116:2: warning: #warning Please refer the Standalone BSP UG647 for further details [-Wcpp]
 #warning  Please refer the Standalone BSP UG647 for further details
  ^~~~~~~
../src/zed_LEDs.c:48:0: warning: "UART_DEVICE_ID" redefined
 #define UART_DEVICE_ID  XPAR_XUARTPS_0_DEVICE_ID
 
In file included from ../src/platform.h:36:0,
                 from ../src/zed_LEDs.c:6:
../src/platform_config.h:5:0: note: this is the location of the previous definition
 #define UART_DEVICE_ID 0
 
../src/zed_LEDs.c: In function 'SetupUartPs':
../src/zed_LEDs.c:477:6: warning: unused variable 'BadByteCount' [-Wunused-variable]
  int BadByteCount = 0;
      ^~~~~~~~~~~~
../src/zed_LEDs.c:475:6: warning: unused variable 'Index' [-Wunused-variable]
  int Index;
      ^~~~~
../src/zed_LEDs.c: At top level:
../src/zed_LEDs.c:548:6: error: redefinition of 'UartPsISR'
 void UartPsISR(void *CallBackRef, u32 Event, unsigned int EventData)
      ^~~~~~~~~
../src/zed_LEDs.c:364:6: note: previous definition of 'UartPsISR' was here
 void UartPsISR(void *CallBackRef, u32 Event, unsigned int EventData)
      ^~~~~~~~~
../src/zed_LEDs.c: In function 'UartPsISR':
../src/zed_LEDs.c:554:3: error: 'TotalSentCount' undeclared (first use in this function)
   TotalSentCount = EventData;
   ^~~~~~~~~~~~~~
../src/zed_LEDs.c:554:3: note: each undeclared identifier is reported only once for each function it appears in
../src/zed_LEDs.c:560:3: error: 'TotalReceivedCount' undeclared (first use in this function); did you mean 'TotalSentCount'?
   TotalReceivedCount = EventData;
   ^~~~~~~~~~~~~~~~~~
   TotalSentCount
../src/zed_LEDs.c:579:3: error: 'TotalErrorCount' undeclared (first use in this function); did you mean 'TotalSentCount'?
   TotalErrorCount++;
   ^~~~~~~~~~~~~~~
   TotalSentCount
At top level:
../src/zed_LEDs.c:95:11: warning: 'RecvBuffer' defined but not used [-Wunused-variable]
 static u8 RecvBuffer[TEST_BUFFER_SIZE]; /* Buffer for Receiving Data */
           ^~~~~~~~~~
make: *** [src/zed_LEDs.o] Error 1
01:09:24 **** Auto Build of configuration Debug for project zed_LEDs ****
make pre-build main-build 
a9-linaro-pre-build-step
' '
'Building file: ../src/zed_LEDs.c'
'Invoking: ARM v7 gcc compiler'
arm-none-eabi-gcc -Wall -O0 -g3 -c -fmessage-length=0 -MT"src/zed_LEDs.o" -mcpu=cortex-a9 -mfpu=vfpv3 -mfloat-abi=hard -I../../standalone_bsp_2/ps7_cortexa9_0/include -MMD -MP -MF"src/zed_LEDs.d" -MT"src/zed_LEDs.o" -o "src/zed_LEDs.o" "../src/zed_LEDs.c"
In file included from ../src/zed_LEDs.c:7:0:
../../standalone_bsp_2/ps7_cortexa9_0/include/xbasic_types.h:115:2: warning: #warning The xbasics_type.h file is deprecated and users should use xil_types.h and xil_assert. [-Wcpp]
 #warning  The xbasics_type.h file is deprecated and users should use xil_types.h and xil_assert.
  ^~~~~~~
../../standalone_bsp_2/ps7_cortexa9_0/include/xbasic_types.h:116:2: warning: #warning Please refer the Standalone BSP UG647 for further details [-Wcpp]
 #warning  Please refer the Standalone BSP UG647 for further details
  ^~~~~~~
../src/zed_LEDs.c:48:0: warning: "UART_DEVICE_ID" redefined
 #define UART_DEVICE_ID  XPAR_XUARTPS_0_DEVICE_ID
 
In file included from ../src/platform.h:36:0,
                 from ../src/zed_LEDs.c:6:
../src/platform_config.h:5:0: note: this is the location of the previous definition
 #define UART_DEVICE_ID 0
 
../src/zed_LEDs.c:546:6: error: redefinition of 'UartPsISR'
 void UartPsISR(void *CallBackRef, u32 Event, unsigned int EventData)
      ^~~~~~~~~
../src/zed_LEDs.c:364:6: note: previous definition of 'UartPsISR' was here
 void UartPsISR(void *CallBackRef, u32 Event, unsigned int EventData)
      ^~~~~~~~~
../src/zed_LEDs.c: In function 'UartPsISR':
../src/zed_LEDs.c:552:3: error: 'TotalSentCount' undeclared (first use in this function)
   TotalSentCount = EventData;
   ^~~~~~~~~~~~~~
../src/zed_LEDs.c:552:3: note: each undeclared identifier is reported only once for each function it appears in
../src/zed_LEDs.c:558:3: error: 'TotalReceivedCount' undeclared (first use in this function); did you mean 'TotalSentCount'?
   TotalReceivedCount = EventData;
   ^~~~~~~~~~~~~~~~~~
   TotalSentCount
../src/zed_LEDs.c:577:3: error: 'TotalErrorCount' undeclared (first use in this function); did you mean 'TotalSentCount'?
   TotalErrorCount++;
   ^~~~~~~~~~~~~~~
   TotalSentCount
At top level:
../src/zed_LEDs.c:95:11: warning: 'RecvBuffer' defined but not used [-Wunused-variable]
 static u8 RecvBuffer[TEST_BUFFER_SIZE]; /* Buffer for Receiving Data */
           ^~~~~~~~~~
make: *** [src/zed_LEDs.o] Error 1
01:11:29 **** Auto Build of configuration Debug for project zed_LEDs ****
make pre-build main-build 
a9-linaro-pre-build-step
' '
'Building file: ../src/zed_LEDs.c'
'Invoking: ARM v7 gcc compiler'
arm-none-eabi-gcc -Wall -O0 -g3 -c -fmessage-length=0 -MT"src/zed_LEDs.o" -mcpu=cortex-a9 -mfpu=vfpv3 -mfloat-abi=hard -I../../standalone_bsp_2/ps7_cortexa9_0/include -MMD -MP -MF"src/zed_LEDs.d" -MT"src/zed_LEDs.o" -o "src/zed_LEDs.o" "../src/zed_LEDs.c"
In file included from ../src/zed_LEDs.c:7:0:
../../standalone_bsp_2/ps7_cortexa9_0/include/xbasic_types.h:115:2: warning: #warning The xbasics_type.h file is deprecated and users should use xil_types.h and xil_assert. [-Wcpp]
 #warning  The xbasics_type.h file is deprecated and users should use xil_types.h and xil_assert.
  ^~~~~~~
../../standalone_bsp_2/ps7_cortexa9_0/include/xbasic_types.h:116:2: warning: #warning Please refer the Standalone BSP UG647 for further details [-Wcpp]
 #warning  Please refer the Standalone BSP UG647 for further details
  ^~~~~~~
../src/zed_LEDs.c:48:0: warning: "UART_DEVICE_ID" redefined
 #define UART_DEVICE_ID  XPAR_XUARTPS_0_DEVICE_ID
 
In file included from ../src/platform.h:36:0,
                 from ../src/zed_LEDs.c:6:
../src/platform_config.h:5:0: note: this is the location of the previous definition
 #define UART_DEVICE_ID 0
 
../src/zed_LEDs.c:546:6: error: redefinition of 'UartPsISR'
 void UartPsISR(void *CallBackRef, u32 Event, unsigned int EventData)
      ^~~~~~~~~
../src/zed_LEDs.c:364:6: note: previous definition of 'UartPsISR' was here
 void UartPsISR(void *CallBackRef, u32 Event, unsigned int EventData)
      ^~~~~~~~~
../src/zed_LEDs.c:95:11: warning: 'RecvBuffer' defined but not used [-Wunused-variable]
 static u8 RecvBuffer[TEST_BUFFER_SIZE]; /* Buffer for Receiving Data */
           ^~~~~~~~~~
make: *** [src/zed_LEDs.o] Error 1
01:18:10 **** Auto Build of configuration Debug for project zed_LEDs ****
make pre-build main-build 
a9-linaro-pre-build-step
' '
'Building file: ../src/zed_LEDs.c'
'Invoking: ARM v7 gcc compiler'
arm-none-eabi-gcc -Wall -O0 -g3 -c -fmessage-length=0 -MT"src/zed_LEDs.o" -mcpu=cortex-a9 -mfpu=vfpv3 -mfloat-abi=hard -I../../standalone_bsp_2/ps7_cortexa9_0/include -MMD -MP -MF"src/zed_LEDs.d" -MT"src/zed_LEDs.o" -o "src/zed_LEDs.o" "../src/zed_LEDs.c"
In file included from ../src/zed_LEDs.c:7:0:
../../standalone_bsp_2/ps7_cortexa9_0/include/xbasic_types.h:115:2: warning: #warning The xbasics_type.h file is deprecated and users should use xil_types.h and xil_assert. [-Wcpp]
 #warning  The xbasics_type.h file is deprecated and users should use xil_types.h and xil_assert.
  ^~~~~~~
../../standalone_bsp_2/ps7_cortexa9_0/include/xbasic_types.h:116:2: warning: #warning Please refer the Standalone BSP UG647 for further details [-Wcpp]
 #warning  Please refer the Standalone BSP UG647 for further details
  ^~~~~~~
../src/zed_LEDs.c:48:0: warning: "UART_DEVICE_ID" redefined
 #define UART_DEVICE_ID  XPAR_XUARTPS_0_DEVICE_ID
 
In file included from ../src/platform.h:36:0,
                 from ../src/zed_LEDs.c:6:
../src/platform_config.h:5:0: note: this is the location of the previous definition
 #define UART_DEVICE_ID 0
 
../src/zed_LEDs.c:95:11: warning: 'RecvBuffer' defined but not used [-Wunused-variable]
 static u8 RecvBuffer[TEST_BUFFER_SIZE]; /* Buffer for Receiving Data */
           ^~~~~~~~~~
'Finished building: ../src/zed_LEDs.c'
' '
'Building target: zed_LEDs.elf'
'Invoking: ARM v7 gcc linker'
arm-none-eabi-gcc -mcpu=cortex-a9 -mfpu=vfpv3 -mfloat-abi=hard -Wl,-build-id=none -specs=Xilinx.spec -Wl,-T -Wl,../src/lscript.ld -L../../standalone_bsp_2/ps7_cortexa9_0/lib -o "zed_LEDs.elf"  ./src/platform.o ./src/zed_LEDs.o   -Wl,--start-group,-lxil,-lgcc,-lc,--end-group
'Finished building target: zed_LEDs.elf'
' '
'Invoking: ARM v7 Print Size'
arm-none-eabi-size zed_LEDs.elf  |tee "zed_LEDs.elf.size"
   text	   data	    bss	    dec	    hex	filename
  36800	   2840	  22872	  62512	   f430	zed_LEDs.elf
'Finished building: zed_LEDs.elf.size'
' '
01:18:51 **** Incremental Build of configuration Debug for project zed_LEDs ****
make pre-build main-build 
a9-linaro-pre-build-step
' '
make: Nothing to be done for `main-build'.
01:22:05 **** Incremental Build of configuration Debug for project zed_LEDs ****
make pre-build main-build 
a9-linaro-pre-build-step
' '
make: Nothing to be done for `main-build'.
01:23:22 **** Incremental Build of configuration Debug for project zed_LEDs ****
make pre-build main-build 
a9-linaro-pre-build-step
' '
'Building file: ../src/zed_LEDs.c'
'Invoking: ARM v7 gcc compiler'
arm-none-eabi-gcc -Wall -O0 -g3 -c -fmessage-length=0 -MT"src/zed_LEDs.o" -mcpu=cortex-a9 -mfpu=vfpv3 -mfloat-abi=hard -I../../standalone_bsp_2/ps7_cortexa9_0/include -MMD -MP -MF"src/zed_LEDs.d" -MT"src/zed_LEDs.o" -o "src/zed_LEDs.o" "../src/zed_LEDs.c"
In file included from ../src/zed_LEDs.c:7:0:
../../standalone_bsp_2/ps7_cortexa9_0/include/xbasic_types.h:115:2: warning: #warning The xbasics_type.h file is deprecated and users should use xil_types.h and xil_assert. [-Wcpp]
 #warning  The xbasics_type.h file is deprecated and users should use xil_types.h and xil_assert.
  ^~~~~~~
../../standalone_bsp_2/ps7_cortexa9_0/include/xbasic_types.h:116:2: warning: #warning Please refer the Standalone BSP UG647 for further details [-Wcpp]
 #warning  Please refer the Standalone BSP UG647 for further details
  ^~~~~~~
../src/zed_LEDs.c:48:0: warning: "UART_DEVICE_ID" redefined
 #define UART_DEVICE_ID  XPAR_XUARTPS_0_DEVICE_ID
 
In file included from ../src/platform.h:36:0,
                 from ../src/zed_LEDs.c:6:
../src/platform_config.h:5:0: note: this is the location of the previous definition
 #define UART_DEVICE_ID 0
 
../src/zed_LEDs.c:95:11: warning: 'RecvBuffer' defined but not used [-Wunused-variable]
 static u8 RecvBuffer[TEST_BUFFER_SIZE]; /* Buffer for Receiving Data */
           ^~~~~~~~~~
'Finished building: ../src/zed_LEDs.c'
' '
'Building target: zed_LEDs.elf'
'Invoking: ARM v7 gcc linker'
arm-none-eabi-gcc -mcpu=cortex-a9 -mfpu=vfpv3 -mfloat-abi=hard -Wl,-build-id=none -specs=Xilinx.spec -Wl,-T -Wl,../src/lscript.ld -L../../standalone_bsp_2/ps7_cortexa9_0/lib -o "zed_LEDs.elf"  ./src/platform.o ./src/zed_LEDs.o   -Wl,--start-group,-lxil,-lgcc,-lc,--end-group
'Finished building target: zed_LEDs.elf'
' '
'Invoking: ARM v7 Print Size'
arm-none-eabi-size zed_LEDs.elf  |tee "zed_LEDs.elf.size"
   text	   data	    bss	    dec	    hex	filename
  36696	   2840	  22872	  62408	   f3c8	zed_LEDs.elf
'Finished building: zed_LEDs.elf.size'
' '
01:39:36 **** Auto Build of configuration Debug for project zed_LEDs ****
make pre-build main-build 
a9-linaro-pre-build-step
' '
'Building file: ../src/zed_LEDs.c'
'Invoking: ARM v7 gcc compiler'
arm-none-eabi-gcc -Wall -O0 -g3 -c -fmessage-length=0 -MT"src/zed_LEDs.o" -mcpu=cortex-a9 -mfpu=vfpv3 -mfloat-abi=hard -I../../standalone_bsp_2/ps7_cortexa9_0/include -MMD -MP -MF"src/zed_LEDs.d" -MT"src/zed_LEDs.o" -o "src/zed_LEDs.o" "../src/zed_LEDs.c"
In file included from ../src/zed_LEDs.c:7:0:
../../standalone_bsp_2/ps7_cortexa9_0/include/xbasic_types.h:115:2: warning: #warning The xbasics_type.h file is deprecated and users should use xil_types.h and xil_assert. [-Wcpp]
 #warning  The xbasics_type.h file is deprecated and users should use xil_types.h and xil_assert.
  ^~~~~~~
../../standalone_bsp_2/ps7_cortexa9_0/include/xbasic_types.h:116:2: warning: #warning Please refer the Standalone BSP UG647 for further details [-Wcpp]
 #warning  Please refer the Standalone BSP UG647 for further details
  ^~~~~~~
../src/zed_LEDs.c:48:0: warning: "UART_DEVICE_ID" redefined
 #define UART_DEVICE_ID  XPAR_XUARTPS_0_DEVICE_ID
 
In file included from ../src/platform.h:36:0,
                 from ../src/zed_LEDs.c:6:
../src/platform_config.h:5:0: note: this is the location of the previous definition
 #define UART_DEVICE_ID 0
 
../src/zed_LEDs.c:95:11: warning: 'RecvBuffer' defined but not used [-Wunused-variable]
 static u8 RecvBuffer[TEST_BUFFER_SIZE]; /* Buffer for Receiving Data */
           ^~~~~~~~~~
'Finished building: ../src/zed_LEDs.c'
' '
'Building target: zed_LEDs.elf'
'Invoking: ARM v7 gcc linker'
arm-none-eabi-gcc -mcpu=cortex-a9 -mfpu=vfpv3 -mfloat-abi=hard -Wl,-build-id=none -specs=Xilinx.spec -Wl,-T -Wl,../src/lscript.ld -L../../standalone_bsp_2/ps7_cortexa9_0/lib -o "zed_LEDs.elf"  ./src/platform.o ./src/zed_LEDs.o   -Wl,--start-group,-lxil,-lgcc,-lc,--end-group
'Finished building target: zed_LEDs.elf'
' '
'Invoking: ARM v7 Print Size'
arm-none-eabi-size zed_LEDs.elf  |tee "zed_LEDs.elf.size"
   text	   data	    bss	    dec	    hex	filename
  36800	   2840	  22856	  62496	   f420	zed_LEDs.elf
'Finished building: zed_LEDs.elf.size'
' '
01:40:21 **** Incremental Build of configuration Debug for project zed_LEDs ****
make pre-build main-build 
a9-linaro-pre-build-step
' '
make: Nothing to be done for `main-build'.
16:28:51 **** Auto Build of configuration Debug for project zed_LEDs ****
make pre-build main-build 
a9-linaro-pre-build-step
' '
'Building file: ../src/zed_LEDs.c'
'Invoking: ARM v7 gcc compiler'
arm-none-eabi-gcc -Wall -O0 -g3 -c -fmessage-length=0 -MT"src/zed_LEDs.o" -mcpu=cortex-a9 -mfpu=vfpv3 -mfloat-abi=hard -I../../standalone_bsp_2/ps7_cortexa9_0/include -MMD -MP -MF"src/zed_LEDs.d" -MT"src/zed_LEDs.o" -o "src/zed_LEDs.o" "../src/zed_LEDs.c"
In file included from ../src/zed_LEDs.c:7:0:
../../standalone_bsp_2/ps7_cortexa9_0/include/xbasic_types.h:115:2: warning: #warning The xbasics_type.h file is deprecated and users should use xil_types.h and xil_assert. [-Wcpp]
 #warning  The xbasics_type.h file is deprecated and users should use xil_types.h and xil_assert.
  ^~~~~~~
../../standalone_bsp_2/ps7_cortexa9_0/include/xbasic_types.h:116:2: warning: #warning Please refer the Standalone BSP UG647 for further details [-Wcpp]
 #warning  Please refer the Standalone BSP UG647 for further details
  ^~~~~~~
../src/zed_LEDs.c:49:0: warning: "UART_DEVICE_ID" redefined
 #define UART_DEVICE_ID  XPAR_XUARTPS_0_DEVICE_ID
 
In file included from ../src/platform.h:36:0,
                 from ../src/zed_LEDs.c:6:
../src/platform_config.h:5:0: note: this is the location of the previous definition
 #define UART_DEVICE_ID 0
 
../src/zed_LEDs.c:92:11: warning: 'RecvBuffer' defined but not used [-Wunused-variable]
 static u8 RecvBuffer[TEST_BUFFER_SIZE]; /* Buffer for Receiving Data */
           ^~~~~~~~~~
'Finished building: ../src/zed_LEDs.c'
' '
'Building target: zed_LEDs.elf'
'Invoking: ARM v7 gcc linker'
arm-none-eabi-gcc -mcpu=cortex-a9 -mfpu=vfpv3 -mfloat-abi=hard -Wl,-build-id=none -specs=Xilinx.spec -Wl,-T -Wl,../src/lscript.ld -L../../standalone_bsp_2/ps7_cortexa9_0/lib -o "zed_LEDs.elf"  ./src/platform.o ./src/zed_LEDs.o   -Wl,--start-group,-lxil,-lgcc,-lc,--end-group
'Finished building target: zed_LEDs.elf'
' '
'Invoking: ARM v7 Print Size'
arm-none-eabi-size zed_LEDs.elf  |tee "zed_LEDs.elf.size"
   text	   data	    bss	    dec	    hex	filename
  36788	   2840	  22856	  62484	   f414	zed_LEDs.elf
'Finished building: zed_LEDs.elf.size'
' '
16:39:01 **** Build of configuration Debug for project standalone_bsp_2_xttcps_intr_example_1 ****
make pre-build main-build 
a9-linaro-pre-build-step
' '
'Building file: ../src/xttcps_intr_example.c'
'Invoking: ARM v7 gcc compiler'
arm-none-eabi-gcc -Wall -O0 -g3 -c -fmessage-length=0 -MT"src/xttcps_intr_example.o" -mcpu=cortex-a9 -mfpu=vfpv3 -mfloat-abi=hard -I../../standalone_bsp_2/ps7_cortexa9_0/include -MMD -MP -MF"src/xttcps_intr_example.d" -MT"src/xttcps_intr_example.o" -o "src/xttcps_intr_example.o" "../src/xttcps_intr_example.c"
'Finished building: ../src/xttcps_intr_example.c'
' '
'Building target: standalone_bsp_2_xttcps_intr_example_1.elf'
'Invoking: ARM v7 gcc linker'
arm-none-eabi-gcc -mcpu=cortex-a9 -mfpu=vfpv3 -mfloat-abi=hard -Wl,-build-id=none -specs=Xilinx.spec -Wl,-T -Wl,../src/lscript.ld -L../../standalone_bsp_2/ps7_cortexa9_0/lib -o "standalone_bsp_2_xttcps_intr_example_1.elf"  ./src/xttcps_intr_example.o   -Wl,--start-group,-lxil,-lgcc,-lc,--end-group
'Finished building target: standalone_bsp_2_xttcps_intr_example_1.elf'
' '
'Invoking: ARM v7 Print Size'
arm-none-eabi-size standalone_bsp_2_xttcps_intr_example_1.elf  |tee "standalone_bsp_2_xttcps_intr_example_1.elf.size"
   text	   data	    bss	    dec	    hex	filename
  29148	   2784	  22648	  54580	   d534	standalone_bsp_2_xttcps_intr_example_1.elf
'Finished building: standalone_bsp_2_xttcps_intr_example_1.elf.size'
' '
16:39:03 **** Auto Build of configuration Debug for project standalone_bsp_2_xttcps_intr_example_1 ****
make pre-build main-build 
a9-linaro-pre-build-step
' '
make: Nothing to be done for `main-build'.
17:49:54 **** Build of configuration Debug for project standalone_bsp_2_xuartps_intr_example_1 ****
make pre-build main-build 
a9-linaro-pre-build-step
' '
'Building file: ../src/xuartps_intr_example.c'
'Invoking: ARM v7 gcc compiler'
arm-none-eabi-gcc -Wall -O0 -g3 -c -fmessage-length=0 -MT"src/xuartps_intr_example.o" -mcpu=cortex-a9 -mfpu=vfpv3 -mfloat-abi=hard -I../../standalone_bsp_2/ps7_cortexa9_0/include -MMD -MP -MF"src/xuartps_intr_example.d" -MT"src/xuartps_intr_example.o" -o "src/xuartps_intr_example.o" "../src/xuartps_intr_example.c"
'Finished building: ../src/xuartps_intr_example.c'
' '
'Building target: standalone_bsp_2_xuartps_intr_example_1.elf'
'Invoking: ARM v7 gcc linker'
arm-none-eabi-gcc -mcpu=cortex-a9 -mfpu=vfpv3 -mfloat-abi=hard -Wl,-build-id=none -specs=Xilinx.spec -Wl,-T -Wl,../src/lscript.ld -L../../standalone_bsp_2/ps7_cortexa9_0/lib -o "standalone_bsp_2_xuartps_intr_example_1.elf"  ./src/xuartps_intr_example.o   -Wl,--start-group,-lxil,-lgcc,-lc,--end-group
'Finished building target: standalone_bsp_2_xuartps_intr_example_1.elf'
' '
'Invoking: ARM v7 Print Size'
arm-none-eabi-size standalone_bsp_2_xuartps_intr_example_1.elf  |tee "standalone_bsp_2_xuartps_intr_example_1.elf.size"
   text	   data	    bss	    dec	    hex	filename
  31632	   2768	  22904	  57304	   dfd8	standalone_bsp_2_xuartps_intr_example_1.elf
'Finished building: standalone_bsp_2_xuartps_intr_example_1.elf.size'
' '
17:49:56 **** Auto Build of configuration Debug for project standalone_bsp_2_xuartps_intr_example_1 ****
make pre-build main-build 
a9-linaro-pre-build-step
' '
make: Nothing to be done for `main-build'.
18:19:30 **** Auto Build of configuration Debug for project zed_LEDs ****
make pre-build main-build 
a9-linaro-pre-build-step
' '
'Building file: ../src/zed_LEDs.c'
'Invoking: ARM v7 gcc compiler'
arm-none-eabi-gcc -Wall -O0 -g3 -c -fmessage-length=0 -MT"src/zed_LEDs.o" -mcpu=cortex-a9 -mfpu=vfpv3 -mfloat-abi=hard -I../../standalone_bsp_2/ps7_cortexa9_0/include -MMD -MP -MF"src/zed_LEDs.d" -MT"src/zed_LEDs.o" -o "src/zed_LEDs.o" "../src/zed_LEDs.c"
In file included from ../src/zed_LEDs.c:7:0:
../../standalone_bsp_2/ps7_cortexa9_0/include/xbasic_types.h:115:2: warning: #warning The xbasics_type.h file is deprecated and users should use xil_types.h and xil_assert. [-Wcpp]
 #warning  The xbasics_type.h file is deprecated and users should use xil_types.h and xil_assert.
  ^~~~~~~
../../standalone_bsp_2/ps7_cortexa9_0/include/xbasic_types.h:116:2: warning: #warning Please refer the Standalone BSP UG647 for further details [-Wcpp]
 #warning  Please refer the Standalone BSP UG647 for further details
  ^~~~~~~
../src/zed_LEDs.c:49:0: warning: "UART_DEVICE_ID" redefined
 #define UART_DEVICE_ID  XPAR_XUARTPS_0_DEVICE_ID
 
In file included from ../src/platform.h:36:0,
                 from ../src/zed_LEDs.c:6:
../src/platform_config.h:5:0: note: this is the location of the previous definition
 #define UART_DEVICE_ID 0
 
In file included from ../../standalone_bsp_2/ps7_cortexa9_0/include/xuartps.h:190:0,
                 from ../src/zed_LEDs.c:12:
../src/zed_LEDs.c: In function 'read_uart_data':
../src/zed_LEDs.c:596:31: error: 'UartBaseAddress' undeclared (first use in this function)
  while (XUartPs_IsReceiveData(UartBaseAddress))
                               ^
../../standalone_bsp_2/ps7_cortexa9_0/include/xuartps_hw.h:416:15: note: in definition of macro 'XUartPs_IsReceiveData'
  !((Xil_In32((BaseAddress) + XUARTPS_SR_OFFSET) &  \
               ^~~~~~~~~~~
../src/zed_LEDs.c:596:31: note: each undeclared identifier is reported only once for each function it appears in
  while (XUartPs_IsReceiveData(UartBaseAddress))
                               ^
../../standalone_bsp_2/ps7_cortexa9_0/include/xuartps_hw.h:416:15: note: in definition of macro 'XUartPs_IsReceiveData'
  !((Xil_In32((BaseAddress) + XUARTPS_SR_OFFSET) &  \
               ^~~~~~~~~~~
make: *** [src/zed_LEDs.o] Error 1
18:20:41 **** Auto Build of configuration Debug for project zed_LEDs ****
make pre-build main-build 
a9-linaro-pre-build-step
' '
'Building file: ../src/zed_LEDs.c'
'Invoking: ARM v7 gcc compiler'
arm-none-eabi-gcc -Wall -O0 -g3 -c -fmessage-length=0 -MT"src/zed_LEDs.o" -mcpu=cortex-a9 -mfpu=vfpv3 -mfloat-abi=hard -I../../standalone_bsp_2/ps7_cortexa9_0/include -MMD -MP -MF"src/zed_LEDs.d" -MT"src/zed_LEDs.o" -o "src/zed_LEDs.o" "../src/zed_LEDs.c"
In file included from ../src/zed_LEDs.c:7:0:
../../standalone_bsp_2/ps7_cortexa9_0/include/xbasic_types.h:115:2: warning: #warning The xbasics_type.h file is deprecated and users should use xil_types.h and xil_assert. [-Wcpp]
 #warning  The xbasics_type.h file is deprecated and users should use xil_types.h and xil_assert.
  ^~~~~~~
../../standalone_bsp_2/ps7_cortexa9_0/include/xbasic_types.h:116:2: warning: #warning Please refer the Standalone BSP UG647 for further details [-Wcpp]
 #warning  Please refer the Standalone BSP UG647 for further details
  ^~~~~~~
../src/zed_LEDs.c:50:0: warning: "UART_DEVICE_ID" redefined
 #define UART_DEVICE_ID  XPAR_XUARTPS_0_DEVICE_ID
 
In file included from ../src/platform.h:36:0,
                 from ../src/zed_LEDs.c:6:
../src/platform_config.h:5:0: note: this is the location of the previous definition
 #define UART_DEVICE_ID 0
 
In file included from ../../standalone_bsp_2/ps7_cortexa9_0/include/xuartps.h:190:0,
                 from ../src/zed_LEDs.c:12:
../src/zed_LEDs.c: In function 'read_uart_data':
../src/zed_LEDs.c:597:31: error: 'UartBaseAddress' undeclared (first use in this function)
  while (XUartPs_IsReceiveData(UartBaseAddress))
                               ^
../../standalone_bsp_2/ps7_cortexa9_0/include/xuartps_hw.h:416:15: note: in definition of macro 'XUartPs_IsReceiveData'
  !((Xil_In32((BaseAddress) + XUARTPS_SR_OFFSET) &  \
               ^~~~~~~~~~~
../src/zed_LEDs.c:597:31: note: each undeclared identifier is reported only once for each function it appears in
  while (XUartPs_IsReceiveData(UartBaseAddress))
                               ^
../../standalone_bsp_2/ps7_cortexa9_0/include/xuartps_hw.h:416:15: note: in definition of macro 'XUartPs_IsReceiveData'
  !((Xil_In32((BaseAddress) + XUARTPS_SR_OFFSET) &  \
               ^~~~~~~~~~~
make: *** [src/zed_LEDs.o] Error 1
18:22:22 **** Auto Build of configuration Debug for project zed_LEDs ****
make pre-build main-build 
a9-linaro-pre-build-step
' '
'Building file: ../src/zed_LEDs.c'
'Invoking: ARM v7 gcc compiler'
arm-none-eabi-gcc -Wall -O0 -g3 -c -fmessage-length=0 -MT"src/zed_LEDs.o" -mcpu=cortex-a9 -mfpu=vfpv3 -mfloat-abi=hard -I../../standalone_bsp_2/ps7_cortexa9_0/include -MMD -MP -MF"src/zed_LEDs.d" -MT"src/zed_LEDs.o" -o "src/zed_LEDs.o" "../src/zed_LEDs.c"
In file included from ../src/zed_LEDs.c:7:0:
../../standalone_bsp_2/ps7_cortexa9_0/include/xbasic_types.h:115:2: warning: #warning The xbasics_type.h file is deprecated and users should use xil_types.h and xil_assert. [-Wcpp]
 #warning  The xbasics_type.h file is deprecated and users should use xil_types.h and xil_assert.
  ^~~~~~~
../../standalone_bsp_2/ps7_cortexa9_0/include/xbasic_types.h:116:2: warning: #warning Please refer the Standalone BSP UG647 for further details [-Wcpp]
 #warning  Please refer the Standalone BSP UG647 for further details
  ^~~~~~~
../src/zed_LEDs.c:50:0: warning: "UART_DEVICE_ID" redefined
 #define UART_DEVICE_ID  XPAR_XUARTPS_0_DEVICE_ID
 
In file included from ../src/platform.h:36:0,
                 from ../src/zed_LEDs.c:6:
../src/platform_config.h:5:0: note: this is the location of the previous definition
 #define UART_DEVICE_ID 0
 
In file included from ../../standalone_bsp_2/ps7_cortexa9_0/include/xuartps.h:190:0,
                 from ../src/zed_LEDs.c:12:
../src/zed_LEDs.c: In function 'read_uart_data':
../src/zed_LEDs.c:597:31: error: 'UART_BASEADDR' undeclared (first use in this function); did you mean 'XPS_UART1_BASEADDR'?
  while (XUartPs_IsReceiveData(UART_BASEADDR))
                               ^
../../standalone_bsp_2/ps7_cortexa9_0/include/xuartps_hw.h:416:15: note: in definition of macro 'XUartPs_IsReceiveData'
  !((Xil_In32((BaseAddress) + XUARTPS_SR_OFFSET) &  \
               ^~~~~~~~~~~
../src/zed_LEDs.c:597:31: note: each undeclared identifier is reported only once for each function it appears in
  while (XUartPs_IsReceiveData(UART_BASEADDR))
                               ^
../../standalone_bsp_2/ps7_cortexa9_0/include/xuartps_hw.h:416:15: note: in definition of macro 'XUartPs_IsReceiveData'
  !((Xil_In32((BaseAddress) + XUARTPS_SR_OFFSET) &  \
               ^~~~~~~~~~~
make: *** [src/zed_LEDs.o] Error 1
18:24:47 **** Auto Build of configuration Debug for project zed_LEDs ****
make pre-build main-build 
a9-linaro-pre-build-step
' '
'Building file: ../src/zed_LEDs.c'
'Invoking: ARM v7 gcc compiler'
arm-none-eabi-gcc -Wall -O0 -g3 -c -fmessage-length=0 -MT"src/zed_LEDs.o" -mcpu=cortex-a9 -mfpu=vfpv3 -mfloat-abi=hard -I../../standalone_bsp_2/ps7_cortexa9_0/include -MMD -MP -MF"src/zed_LEDs.d" -MT"src/zed_LEDs.o" -o "src/zed_LEDs.o" "../src/zed_LEDs.c"
In file included from ../src/zed_LEDs.c:7:0:
../../standalone_bsp_2/ps7_cortexa9_0/include/xbasic_types.h:115:2: warning: #warning The xbasics_type.h file is deprecated and users should use xil_types.h and xil_assert. [-Wcpp]
 #warning  The xbasics_type.h file is deprecated and users should use xil_types.h and xil_assert.
  ^~~~~~~
../../standalone_bsp_2/ps7_cortexa9_0/include/xbasic_types.h:116:2: warning: #warning Please refer the Standalone BSP UG647 for further details [-Wcpp]
 #warning  Please refer the Standalone BSP UG647 for further details
  ^~~~~~~
../src/zed_LEDs.c:50:0: warning: "UART_DEVICE_ID" redefined
 #define UART_DEVICE_ID  XPAR_XUARTPS_0_DEVICE_ID
 
In file included from ../src/platform.h:36:0,
                 from ../src/zed_LEDs.c:6:
../src/platform_config.h:5:0: note: this is the location of the previous definition
 #define UART_DEVICE_ID 0
 
In file included from ../../standalone_bsp_2/ps7_cortexa9_0/include/xil_printf.h:12:0,
                 from ../../standalone_bsp_2/ps7_cortexa9_0/include/xil_io.h:65,
                 from ../../standalone_bsp_2/ps7_cortexa9_0/include/xgpio_l.h:87,
                 from ../../standalone_bsp_2/ps7_cortexa9_0/include/xgpio.h:136,
                 from ../src/zed_LEDs.c:8:
../src/zed_LEDs.c: In function 'read_uart_data':
../../standalone_bsp_2/ps7_cortexa9_0/include/xparameters.h:473:33: warning: statement with no effect [-Wunused-value]
 #define XPAR_XUARTPS_0_BASEADDR 0xE0001000
                                 ^
../src/zed_LEDs.c:595:15: note: in expansion of macro 'XPAR_XUARTPS_0_BASEADDR'
  u8 index = 0;XPAR_XUARTPS_0_BASEADDR
               ^~~~~~~~~~~~~~~~~~~~~~~
../src/zed_LEDs.c:598:2: error: expected ';' before 'while'
  while (XUartPs_IsReceiveData(UART_BASEADDR))
  ^~~~~
../src/zed_LEDs.c:595:5: warning: unused variable 'index' [-Wunused-variable]
  u8 index = 0;XPAR_XUARTPS_0_BASEADDR
     ^~~~~
At top level:
../src/zed_LEDs.c:95:11: warning: 'RxBuffer' defined but not used [-Wunused-variable]
 static u8 RxBuffer[RX_BUFFER_SIZE];  /* Buffer for Receiving Data */
           ^~~~~~~~
make: *** [src/zed_LEDs.o] Error 1
18:25:19 **** Auto Build of configuration Debug for project zed_LEDs ****
make pre-build main-build 
a9-linaro-pre-build-step
' '
'Building file: ../src/zed_LEDs.c'
'Invoking: ARM v7 gcc compiler'
arm-none-eabi-gcc -Wall -O0 -g3 -c -fmessage-length=0 -MT"src/zed_LEDs.o" -mcpu=cortex-a9 -mfpu=vfpv3 -mfloat-abi=hard -I../../standalone_bsp_2/ps7_cortexa9_0/include -MMD -MP -MF"src/zed_LEDs.d" -MT"src/zed_LEDs.o" -o "src/zed_LEDs.o" "../src/zed_LEDs.c"
In file included from ../src/zed_LEDs.c:7:0:
../../standalone_bsp_2/ps7_cortexa9_0/include/xbasic_types.h:115:2: warning: #warning The xbasics_type.h file is deprecated and users should use xil_types.h and xil_assert. [-Wcpp]
 #warning  The xbasics_type.h file is deprecated and users should use xil_types.h and xil_assert.
  ^~~~~~~
../../standalone_bsp_2/ps7_cortexa9_0/include/xbasic_types.h:116:2: warning: #warning Please refer the Standalone BSP UG647 for further details [-Wcpp]
 #warning  Please refer the Standalone BSP UG647 for further details
  ^~~~~~~
../src/zed_LEDs.c:50:0: warning: "UART_DEVICE_ID" redefined
 #define UART_DEVICE_ID  XPAR_XUARTPS_0_DEVICE_ID
 
In file included from ../src/platform.h:36:0,
                 from ../src/zed_LEDs.c:6:
../src/platform_config.h:5:0: note: this is the location of the previous definition
 #define UART_DEVICE_ID 0
 
In file included from ../../standalone_bsp_2/ps7_cortexa9_0/include/xil_printf.h:12:0,
                 from ../../standalone_bsp_2/ps7_cortexa9_0/include/xil_io.h:65,
                 from ../../standalone_bsp_2/ps7_cortexa9_0/include/xgpio_l.h:87,
                 from ../../standalone_bsp_2/ps7_cortexa9_0/include/xgpio.h:136,
                 from ../src/zed_LEDs.c:8:
../src/zed_LEDs.c: In function 'read_uart_data':
../../standalone_bsp_2/ps7_cortexa9_0/include/xparameters.h:473:33: warning: statement with no effect [-Wunused-value]
 #define XPAR_XUARTPS_0_BASEADDR 0xE0001000
                                 ^
../src/zed_LEDs.c:595:15: note: in expansion of macro 'XPAR_XUARTPS_0_BASEADDR'
  u8 index = 0;XPAR_XUARTPS_0_BASEADDR;
               ^~~~~~~~~~~~~~~~~~~~~~~
'Finished building: ../src/zed_LEDs.c'
' '
'Building target: zed_LEDs.elf'
'Invoking: ARM v7 gcc linker'
arm-none-eabi-gcc -mcpu=cortex-a9 -mfpu=vfpv3 -mfloat-abi=hard -Wl,-build-id=none -specs=Xilinx.spec -Wl,-T -Wl,../src/lscript.ld -L../../standalone_bsp_2/ps7_cortexa9_0/lib -o "zed_LEDs.elf"  ./src/platform.o ./src/zed_LEDs.o   -Wl,--start-group,-lxil,-lgcc,-lc,--end-group
'Finished building target: zed_LEDs.elf'
' '
'Invoking: ARM v7 Print Size'
arm-none-eabi-size zed_LEDs.elf  |tee "zed_LEDs.elf.size"
   text	   data	    bss	    dec	    hex	filename
  36980	   2832	  22792	  62604	   f48c	zed_LEDs.elf
'Finished building: zed_LEDs.elf.size'
' '
18:25:37 **** Auto Build of configuration Debug for project zed_LEDs ****
make pre-build main-build 
a9-linaro-pre-build-step
' '
'Building file: ../src/zed_LEDs.c'
'Invoking: ARM v7 gcc compiler'
arm-none-eabi-gcc -Wall -O0 -g3 -c -fmessage-length=0 -MT"src/zed_LEDs.o" -mcpu=cortex-a9 -mfpu=vfpv3 -mfloat-abi=hard -I../../standalone_bsp_2/ps7_cortexa9_0/include -MMD -MP -MF"src/zed_LEDs.d" -MT"src/zed_LEDs.o" -o "src/zed_LEDs.o" "../src/zed_LEDs.c"
In file included from ../src/zed_LEDs.c:7:0:
../../standalone_bsp_2/ps7_cortexa9_0/include/xbasic_types.h:115:2: warning: #warning The xbasics_type.h file is deprecated and users should use xil_types.h and xil_assert. [-Wcpp]
 #warning  The xbasics_type.h file is deprecated and users should use xil_types.h and xil_assert.
  ^~~~~~~
../../standalone_bsp_2/ps7_cortexa9_0/include/xbasic_types.h:116:2: warning: #warning Please refer the Standalone BSP UG647 for further details [-Wcpp]
 #warning  Please refer the Standalone BSP UG647 for further details
  ^~~~~~~
../src/zed_LEDs.c:50:0: warning: "UART_DEVICE_ID" redefined
 #define UART_DEVICE_ID  XPAR_XUARTPS_0_DEVICE_ID
 
In file included from ../src/platform.h:36:0,
                 from ../src/zed_LEDs.c:6:
../src/platform_config.h:5:0: note: this is the location of the previous definition
 #define UART_DEVICE_ID 0
 
'Finished building: ../src/zed_LEDs.c'
' '
'Building target: zed_LEDs.elf'
'Invoking: ARM v7 gcc linker'
arm-none-eabi-gcc -mcpu=cortex-a9 -mfpu=vfpv3 -mfloat-abi=hard -Wl,-build-id=none -specs=Xilinx.spec -Wl,-T -Wl,../src/lscript.ld -L../../standalone_bsp_2/ps7_cortexa9_0/lib -o "zed_LEDs.elf"  ./src/platform.o ./src/zed_LEDs.o   -Wl,--start-group,-lxil,-lgcc,-lc,--end-group
'Finished building target: zed_LEDs.elf'
' '
'Invoking: ARM v7 Print Size'
arm-none-eabi-size zed_LEDs.elf  |tee "zed_LEDs.elf.size"
   text	   data	    bss	    dec	    hex	filename
  36980	   2832	  22792	  62604	   f48c	zed_LEDs.elf
'Finished building: zed_LEDs.elf.size'
' '
18:29:30 **** Auto Build of configuration Debug for project zed_LEDs ****
make pre-build main-build 
a9-linaro-pre-build-step
' '
'Building file: ../src/zed_LEDs.c'
'Invoking: ARM v7 gcc compiler'
arm-none-eabi-gcc -Wall -O0 -g3 -c -fmessage-length=0 -MT"src/zed_LEDs.o" -mcpu=cortex-a9 -mfpu=vfpv3 -mfloat-abi=hard -I../../standalone_bsp_2/ps7_cortexa9_0/include -MMD -MP -MF"src/zed_LEDs.d" -MT"src/zed_LEDs.o" -o "src/zed_LEDs.o" "../src/zed_LEDs.c"
In file included from ../src/zed_LEDs.c:7:0:
../../standalone_bsp_2/ps7_cortexa9_0/include/xbasic_types.h:115:2: warning: #warning The xbasics_type.h file is deprecated and users should use xil_types.h and xil_assert. [-Wcpp]
 #warning  The xbasics_type.h file is deprecated and users should use xil_types.h and xil_assert.
  ^~~~~~~
../../standalone_bsp_2/ps7_cortexa9_0/include/xbasic_types.h:116:2: warning: #warning Please refer the Standalone BSP UG647 for further details [-Wcpp]
 #warning  Please refer the Standalone BSP UG647 for further details
  ^~~~~~~
'Finished building: ../src/zed_LEDs.c'
' '
'Building target: zed_LEDs.elf'
'Invoking: ARM v7 gcc linker'
arm-none-eabi-gcc -mcpu=cortex-a9 -mfpu=vfpv3 -mfloat-abi=hard -Wl,-build-id=none -specs=Xilinx.spec -Wl,-T -Wl,../src/lscript.ld -L../../standalone_bsp_2/ps7_cortexa9_0/lib -o "zed_LEDs.elf"  ./src/platform.o ./src/zed_LEDs.o   -Wl,--start-group,-lxil,-lgcc,-lc,--end-group
'Finished building target: zed_LEDs.elf'
' '
'Invoking: ARM v7 Print Size'
arm-none-eabi-size zed_LEDs.elf  |tee "zed_LEDs.elf.size"
   text	   data	    bss	    dec	    hex	filename
  36980	   2832	  22792	  62604	   f48c	zed_LEDs.elf
'Finished building: zed_LEDs.elf.size'
' '
18:30:06 **** Incremental Build of configuration Debug for project zed_LEDs ****
make pre-build main-build 
a9-linaro-pre-build-step
' '
make: Nothing to be done for `main-build'.
19:52:35 **** Auto Build of configuration Debug for project zed_LEDs ****
make pre-build main-build 
a9-linaro-pre-build-step
' '
'Building file: ../src/zed_LEDs.c'
'Invoking: ARM v7 gcc compiler'
arm-none-eabi-gcc -Wall -O0 -g3 -c -fmessage-length=0 -MT"src/zed_LEDs.o" -mcpu=cortex-a9 -mfpu=vfpv3 -mfloat-abi=hard -I../../standalone_bsp_2/ps7_cortexa9_0/include -MMD -MP -MF"src/zed_LEDs.d" -MT"src/zed_LEDs.o" -o "src/zed_LEDs.o" "../src/zed_LEDs.c"
In file included from ../src/zed_LEDs.c:7:0:
../../standalone_bsp_2/ps7_cortexa9_0/include/xbasic_types.h:115:2: warning: #warning The xbasics_type.h file is deprecated and users should use xil_types.h and xil_assert. [-Wcpp]
 #warning  The xbasics_type.h file is deprecated and users should use xil_types.h and xil_assert.
  ^~~~~~~
../../standalone_bsp_2/ps7_cortexa9_0/include/xbasic_types.h:116:2: warning: #warning Please refer the Standalone BSP UG647 for further details [-Wcpp]
 #warning  Please refer the Standalone BSP UG647 for further details
  ^~~~~~~
'Finished building: ../src/zed_LEDs.c'
' '
'Building target: zed_LEDs.elf'
'Invoking: ARM v7 gcc linker'
arm-none-eabi-gcc -mcpu=cortex-a9 -mfpu=vfpv3 -mfloat-abi=hard -Wl,-build-id=none -specs=Xilinx.spec -Wl,-T -Wl,../src/lscript.ld -L../../standalone_bsp_2/ps7_cortexa9_0/lib -o "zed_LEDs.elf"  ./src/platform.o ./src/zed_LEDs.o   -Wl,--start-group,-lxil,-lgcc,-lc,--end-group
'Finished building target: zed_LEDs.elf'
' '
'Invoking: ARM v7 Print Size'
arm-none-eabi-size zed_LEDs.elf  |tee "zed_LEDs.elf.size"
   text	   data	    bss	    dec	    hex	filename
  37108	   2832	  22792	  62732	   f50c	zed_LEDs.elf
'Finished building: zed_LEDs.elf.size'
' '
19:52:51 **** Incremental Build of configuration Debug for project zed_LEDs ****
make pre-build main-build 
a9-linaro-pre-build-step
' '
make: Nothing to be done for `main-build'.
00:19:09 **** Incremental Build of configuration Debug for project zed_LEDs ****
make pre-build main-build 
a9-linaro-pre-build-step
' '
make: Nothing to be done for `main-build'.
22:39:03 **** Clean-only build of configuration Debug for project xttcps_intr_example ****
make clean 
rm -rf  ./src/xttcps_intr_example.o  ./src/xttcps_intr_example.d  standalone_bsp_2_xttcps_intr_example_1.elf.size  standalone_bsp_2_xttcps_intr_example_1.elf
' '
22:39:04 **** Build of configuration Debug for project xttcps_intr_example ****
make pre-build main-build 
a9-linaro-pre-build-step
' '
'Building file: ../src/xttcps_intr_example.c'
'Invoking: ARM v7 gcc compiler'
arm-none-eabi-gcc -Wall -O0 -g3 -c -fmessage-length=0 -MT"src/xttcps_intr_example.o" -mcpu=cortex-a9 -mfpu=vfpv3 -mfloat-abi=hard -I../../standalone_bsp_2/ps7_cortexa9_0/include -MMD -MP -MF"src/xttcps_intr_example.d" -MT"src/xttcps_intr_example.o" -o "src/xttcps_intr_example.o" "../src/xttcps_intr_example.c"
'Finished building: ../src/xttcps_intr_example.c'
' '
'Building target: xttcps_intr_example.elf'
'Invoking: ARM v7 gcc linker'
arm-none-eabi-gcc -mcpu=cortex-a9 -mfpu=vfpv3 -mfloat-abi=hard -Wl,-build-id=none -specs=Xilinx.spec -Wl,-T -Wl,../src/lscript.ld -L../../standalone_bsp_2/ps7_cortexa9_0/lib -o "xttcps_intr_example.elf"  ./src/xttcps_intr_example.o   -Wl,--start-group,-lxil,-lgcc,-lc,--end-group
'Finished building target: xttcps_intr_example.elf'
' '
'Invoking: ARM v7 Print Size'
arm-none-eabi-size xttcps_intr_example.elf  |tee "xttcps_intr_example.elf.size"
   text	   data	    bss	    dec	    hex	filename
  29148	   2784	  22648	  54580	   d534	xttcps_intr_example.elf
'Finished building: xttcps_intr_example.elf.size'
' '
22:46:01 **** Build of configuration Debug for project standalone_bsp_2_xttcps_low_level_example_1 ****
make pre-build main-build 
a9-linaro-pre-build-step
' '
'Building file: ../src/xttcps_low_level_example.c'
'Invoking: ARM v7 gcc compiler'
arm-none-eabi-gcc -Wall -O0 -g3 -c -fmessage-length=0 -MT"src/xttcps_low_level_example.o" -mcpu=cortex-a9 -mfpu=vfpv3 -mfloat-abi=hard -I../../standalone_bsp_2/ps7_cortexa9_0/include -MMD -MP -MF"src/xttcps_low_level_example.d" -MT"src/xttcps_low_level_example.o" -o "src/xttcps_low_level_example.o" "../src/xttcps_low_level_example.c"
'Finished building: ../src/xttcps_low_level_example.c'
' '
'Building target: standalone_bsp_2_xttcps_low_level_example_1.elf'
'Invoking: ARM v7 gcc linker'
arm-none-eabi-gcc -mcpu=cortex-a9 -mfpu=vfpv3 -mfloat-abi=hard -Wl,-build-id=none -specs=Xilinx.spec -Wl,-T -Wl,../src/lscript.ld -L../../standalone_bsp_2/ps7_cortexa9_0/lib -o "standalone_bsp_2_xttcps_low_level_example_1.elf"  ./src/xttcps_low_level_example.o   -Wl,--start-group,-lxil,-lgcc,-lc,--end-group
'Finished building target: standalone_bsp_2_xttcps_low_level_example_1.elf'
' '
'Invoking: ARM v7 Print Size'
arm-none-eabi-size standalone_bsp_2_xttcps_low_level_example_1.elf  |tee "standalone_bsp_2_xttcps_low_level_example_1.elf.size"
   text	   data	    bss	    dec	    hex	filename
  22732	   1344	  22568	  46644	   b634	standalone_bsp_2_xttcps_low_level_example_1.elf
'Finished building: standalone_bsp_2_xttcps_low_level_example_1.elf.size'
' '
22:46:02 **** Auto Build of configuration Debug for project standalone_bsp_2_xttcps_low_level_example_1 ****
make pre-build main-build 
a9-linaro-pre-build-step
' '
make: Nothing to be done for `main-build'.
22:46:03 **** Build of configuration Debug for project standalone_bsp_2_xttcps_rtc_example_1 ****
make pre-build main-build 
a9-linaro-pre-build-step
' '
'Building file: ../src/xttcps_rtc_example.c'
'Invoking: ARM v7 gcc compiler'
arm-none-eabi-gcc -Wall -O0 -g3 -c -fmessage-length=0 -MT"src/xttcps_rtc_example.o" -mcpu=cortex-a9 -mfpu=vfpv3 -mfloat-abi=hard -I../../standalone_bsp_2/ps7_cortexa9_0/include -MMD -MP -MF"src/xttcps_rtc_example.d" -MT"src/xttcps_rtc_example.o" -o "src/xttcps_rtc_example.o" "../src/xttcps_rtc_example.c"
'Finished building: ../src/xttcps_rtc_example.c'
' '
'Building target: standalone_bsp_2_xttcps_rtc_example_1.elf'
'Invoking: ARM v7 gcc linker'
arm-none-eabi-gcc -mcpu=cortex-a9 -mfpu=vfpv3 -mfloat-abi=hard -Wl,-build-id=none -specs=Xilinx.spec -Wl,-T -Wl,../src/lscript.ld -L../../standalone_bsp_2/ps7_cortexa9_0/lib -o "standalone_bsp_2_xttcps_rtc_example_1.elf"  ./src/xttcps_rtc_example.o   -Wl,--start-group,-lxil,-lgcc,-lc,--end-group
'Finished building target: standalone_bsp_2_xttcps_rtc_example_1.elf'
' '
'Invoking: ARM v7 Print Size'
arm-none-eabi-size standalone_bsp_2_xttcps_rtc_example_1.elf  |tee "standalone_bsp_2_xttcps_rtc_example_1.elf.size"
   text	   data	    bss	    dec	    hex	filename
  28372	   2768	  22616	  53756	   d1fc	standalone_bsp_2_xttcps_rtc_example_1.elf
'Finished building: standalone_bsp_2_xttcps_rtc_example_1.elf.size'
' '
22:46:03 **** Build of configuration Debug for project standalone_bsp_2_xttcps_tapp_example_1 ****
make pre-build main-build 
a9-linaro-pre-build-step
' '
'Building file: ../src/xttcps_tapp_example.c'
'Invoking: ARM v7 gcc compiler'
arm-none-eabi-gcc -Wall -O0 -g3 -c -fmessage-length=0 -MT"src/xttcps_tapp_example.o" -mcpu=cortex-a9 -mfpu=vfpv3 -mfloat-abi=hard -I../../standalone_bsp_2/ps7_cortexa9_0/include -MMD -MP -MF"src/xttcps_tapp_example.d" -MT"src/xttcps_tapp_example.o" -o "src/xttcps_tapp_example.o" "../src/xttcps_tapp_example.c"
'Finished building: ../src/xttcps_tapp_example.c'
' '
'Building target: standalone_bsp_2_xttcps_tapp_example_1.elf'
'Invoking: ARM v7 gcc linker'
arm-none-eabi-gcc -mcpu=cortex-a9 -mfpu=vfpv3 -mfloat-abi=hard -Wl,-build-id=none -specs=Xilinx.spec -Wl,-T -Wl,../src/lscript.ld -L../../standalone_bsp_2/ps7_cortexa9_0/lib -o "standalone_bsp_2_xttcps_tapp_example_1.elf"  ./src/xttcps_tapp_example.o   -Wl,--start-group,-lxil,-lgcc,-lc,--end-group
'Finished building target: standalone_bsp_2_xttcps_tapp_example_1.elf'
' '
'Invoking: ARM v7 Print Size'
arm-none-eabi-size standalone_bsp_2_xttcps_tapp_example_1.elf  |tee "standalone_bsp_2_xttcps_tapp_example_1.elf.size"
   text	   data	    bss	    dec	    hex	filename
  28244	   2768	  22616	  53628	   d17c	standalone_bsp_2_xttcps_tapp_example_1.elf
'Finished building: standalone_bsp_2_xttcps_tapp_example_1.elf.size'
' '
22:46:04 **** Auto Build of configuration Debug for project standalone_bsp_2_xttcps_rtc_example_1 ****
make pre-build main-build 
a9-linaro-pre-build-step
' '
make: Nothing to be done for `main-build'.
22:46:04 **** Auto Build of configuration Debug for project standalone_bsp_2_xttcps_tapp_example_1 ****
make pre-build main-build 
a9-linaro-pre-build-step
' '
make: Nothing to be done for `main-build'.
01:05:16 **** Auto Build of configuration Debug for project zed_LEDs ****
make pre-build main-build 
a9-linaro-pre-build-step
' '
'Building file: ../src/zed_LEDs.c'
'Invoking: ARM v7 gcc compiler'
arm-none-eabi-gcc -Wall -O0 -g3 -c -fmessage-length=0 -MT"src/zed_LEDs.o" -mcpu=cortex-a9 -mfpu=vfpv3 -mfloat-abi=hard -I../../standalone_bsp_2/ps7_cortexa9_0/include -MMD -MP -MF"src/zed_LEDs.d" -MT"src/zed_LEDs.o" -o "src/zed_LEDs.o" "../src/zed_LEDs.c"
In file included from ../src/zed_LEDs.c:7:0:
../../standalone_bsp_2/ps7_cortexa9_0/include/xbasic_types.h:115:2: warning: #warning The xbasics_type.h file is deprecated and users should use xil_types.h and xil_assert. [-Wcpp]
 #warning  The xbasics_type.h file is deprecated and users should use xil_types.h and xil_assert.
  ^~~~~~~
../../standalone_bsp_2/ps7_cortexa9_0/include/xbasic_types.h:116:2: warning: #warning Please refer the Standalone BSP UG647 for further details [-Wcpp]
 #warning  Please refer the Standalone BSP UG647 for further details
  ^~~~~~~
../src/zed_LEDs.c: In function 'main':
../src/zed_LEDs.c:129:5: warning: unused variable 'UART_state' [-Wunused-variable]
  u8 UART_state = EXPECTING_COMMAND; // initial UART state
     ^~~~~~~~~~
At top level:
../src/zed_LEDs.c:112:11: warning: 'TxBuffer' defined but not used [-Wunused-variable]
 static u8 TxBuffer[TX_BUFFER_SIZE];  // Buffer for Transmitting Data
           ^~~~~~~~
'Finished building: ../src/zed_LEDs.c'
' '
'Building target: zed_LEDs.elf'
'Invoking: ARM v7 gcc linker'
arm-none-eabi-gcc -mcpu=cortex-a9 -mfpu=vfpv3 -mfloat-abi=hard -Wl,-build-id=none -specs=Xilinx.spec -Wl,-T -Wl,../src/lscript.ld -L../../standalone_bsp_2/ps7_cortexa9_0/lib -o "zed_LEDs.elf"  ./src/platform.o ./src/zed_LEDs.o   -Wl,--start-group,-lxil,-lgcc,-lc,--end-group
'Finished building target: zed_LEDs.elf'
' '
'Invoking: ARM v7 Print Size'
arm-none-eabi-size zed_LEDs.elf  |tee "zed_LEDs.elf.size"
   text	   data	    bss	    dec	    hex	filename
  37172	   2832	  23800	  63804	   f93c	zed_LEDs.elf
'Finished building: zed_LEDs.elf.size'
' '
23:28:18 **** Auto Build of configuration Debug for project zed_LEDs ****
make pre-build main-build 
a9-linaro-pre-build-step
' '
'Building file: ../src/zed_LEDs.c'
'Invoking: ARM v7 gcc compiler'
arm-none-eabi-gcc -Wall -O0 -g3 -c -fmessage-length=0 -MT"src/zed_LEDs.o" -mcpu=cortex-a9 -mfpu=vfpv3 -mfloat-abi=hard -I../../standalone_bsp_2/ps7_cortexa9_0/include -MMD -MP -MF"src/zed_LEDs.d" -MT"src/zed_LEDs.o" -o "src/zed_LEDs.o" "../src/zed_LEDs.c"
In file included from ../src/zed_LEDs.c:7:0:
../../standalone_bsp_2/ps7_cortexa9_0/include/xbasic_types.h:115:2: warning: #warning The xbasics_type.h file is deprecated and users should use xil_types.h and xil_assert. [-Wcpp]
 #warning  The xbasics_type.h file is deprecated and users should use xil_types.h and xil_assert.
  ^~~~~~~
../../standalone_bsp_2/ps7_cortexa9_0/include/xbasic_types.h:116:2: warning: #warning Please refer the Standalone BSP UG647 for further details [-Wcpp]
 #warning  Please refer the Standalone BSP UG647 for further details
  ^~~~~~~
../src/zed_LEDs.c: In function 'main':
../src/zed_LEDs.c:132:18: error: 'EXPECTING_COMMAND' undeclared (first use in this function)
  u8 UART_state = EXPECTING_COMMAND; // initial UART state
                  ^~~~~~~~~~~~~~~~~
../src/zed_LEDs.c:132:18: note: each undeclared identifier is reported only once for each function it appears in
../src/zed_LEDs.c:132:5: warning: unused variable 'UART_state' [-Wunused-variable]
  u8 UART_state = EXPECTING_COMMAND; // initial UART state
     ^~~~~~~~~~
../src/zed_LEDs.c: In function 'read_uart_bytes':
../src/zed_LEDs.c:654:4: warning: implicit declaration of function 'send_Tx_data_over_UART' [-Wimplicit-function-declaration]
    send_Tx_data_over_UART();
    ^~~~~~~~~~~~~~~~~~~~~~
../src/zed_LEDs.c: In function 'load_sawtooth_data':
../src/zed_LEDs.c:666:12: warning: statement with no effect [-Wunused-value]
  UartTxData[TX_BUFFER_SIZE];
  ~~~~~~~~~~^~~~~~~~~~~~~~~~
../src/zed_LEDs.c: At top level:
../src/zed_LEDs.c:685:6: warning: conflicting types for 'send_Tx_data_over_UART'
 void send_Tx_data_over_UART(void)
      ^~~~~~~~~~~~~~~~~~~~~~
../src/zed_LEDs.c:654:4: note: previous implicit declaration of 'send_Tx_data_over_UART' was here
    send_Tx_data_over_UART();
    ^~~~~~~~~~~~~~~~~~~~~~
../src/zed_LEDs.c: In function 'send_Tx_data_over_UART':
../src/zed_LEDs.c:689:18: error: 'TEST_BUFFER_SIZE' undeclared (first use in this function); did you mean 'TX_BUFFER_SIZE'?
  for (i = 0; i < TEST_BUFFER_SIZE; i++) {
                  ^~~~~~~~~~~~~~~~
                  TX_BUFFER_SIZE
In file included from ../../standalone_bsp_2/ps7_cortexa9_0/include/xuartps.h:190:0,
                 from ../src/zed_LEDs.c:12:
../src/zed_LEDs.c:691:34: error: 'UartBaseAddress' undeclared (first use in this function)
    while (XUartPs_IsTransmitFull(UartBaseAddress));
                                  ^
../../standalone_bsp_2/ps7_cortexa9_0/include/xuartps_hw.h:433:14: note: in definition of macro 'XUartPs_IsTransmitFull'
  ((Xil_In32((BaseAddress) + XUARTPS_SR_OFFSET) &  \
              ^~~~~~~~~~~
make: *** [src/zed_LEDs.o] Error 1
23:31:32 **** Auto Build of configuration Debug for project zed_LEDs ****
make pre-build main-build 
a9-linaro-pre-build-step
' '
'Building file: ../src/zed_LEDs.c'
'Invoking: ARM v7 gcc compiler'
arm-none-eabi-gcc -Wall -O0 -g3 -c -fmessage-length=0 -MT"src/zed_LEDs.o" -mcpu=cortex-a9 -mfpu=vfpv3 -mfloat-abi=hard -I../../standalone_bsp_2/ps7_cortexa9_0/include -MMD -MP -MF"src/zed_LEDs.d" -MT"src/zed_LEDs.o" -o "src/zed_LEDs.o" "../src/zed_LEDs.c"
In file included from ../src/zed_LEDs.c:7:0:
../../standalone_bsp_2/ps7_cortexa9_0/include/xbasic_types.h:115:2: warning: #warning The xbasics_type.h file is deprecated and users should use xil_types.h and xil_assert. [-Wcpp]
 #warning  The xbasics_type.h file is deprecated and users should use xil_types.h and xil_assert.
  ^~~~~~~
../../standalone_bsp_2/ps7_cortexa9_0/include/xbasic_types.h:116:2: warning: #warning Please refer the Standalone BSP UG647 for further details [-Wcpp]
 #warning  Please refer the Standalone BSP UG647 for further details
  ^~~~~~~
../src/zed_LEDs.c: In function 'main':
../src/zed_LEDs.c:133:18: error: 'EXPECTING_COMMAND' undeclared (first use in this function)
  u8 UART_state = EXPECTING_COMMAND; // initial UART state
                  ^~~~~~~~~~~~~~~~~
../src/zed_LEDs.c:133:18: note: each undeclared identifier is reported only once for each function it appears in
../src/zed_LEDs.c:133:5: warning: unused variable 'UART_state' [-Wunused-variable]
  u8 UART_state = EXPECTING_COMMAND; // initial UART state
     ^~~~~~~~~~
In file included from ../../standalone_bsp_2/ps7_cortexa9_0/include/xuartps.h:190:0,
                 from ../src/zed_LEDs.c:12:
../src/zed_LEDs.c: In function 'send_Tx_data_over_UART':
../src/zed_LEDs.c:694:20: error: 'UartBaseAddress' undeclared (first use in this function)
   XUartPs_WriteReg(UartBaseAddress, XUARTPS_FIFO_OFFSET,
                    ^
../../standalone_bsp_2/ps7_cortexa9_0/include/xuartps_hw.h:401:13: note: in definition of macro 'XUartPs_WriteReg'
  Xil_Out32((BaseAddress) + (u32)(RegOffset), (u32)(RegisterValue))
             ^~~~~~~~~~~
make: *** [src/zed_LEDs.o] Error 1
23:31:50 **** Auto Build of configuration Debug for project zed_LEDs ****
make pre-build main-build 
a9-linaro-pre-build-step
' '
'Building file: ../src/zed_LEDs.c'
'Invoking: ARM v7 gcc compiler'
arm-none-eabi-gcc -Wall -O0 -g3 -c -fmessage-length=0 -MT"src/zed_LEDs.o" -mcpu=cortex-a9 -mfpu=vfpv3 -mfloat-abi=hard -I../../standalone_bsp_2/ps7_cortexa9_0/include -MMD -MP -MF"src/zed_LEDs.d" -MT"src/zed_LEDs.o" -o "src/zed_LEDs.o" "../src/zed_LEDs.c"
In file included from ../src/zed_LEDs.c:7:0:
../../standalone_bsp_2/ps7_cortexa9_0/include/xbasic_types.h:115:2: warning: #warning The xbasics_type.h file is deprecated and users should use xil_types.h and xil_assert. [-Wcpp]
 #warning  The xbasics_type.h file is deprecated and users should use xil_types.h and xil_assert.
  ^~~~~~~
../../standalone_bsp_2/ps7_cortexa9_0/include/xbasic_types.h:116:2: warning: #warning Please refer the Standalone BSP UG647 for further details [-Wcpp]
 #warning  Please refer the Standalone BSP UG647 for further details
  ^~~~~~~
../src/zed_LEDs.c: In function 'main':
../src/zed_LEDs.c:133:18: error: 'EXPECTING_COMMAND' undeclared (first use in this function)
  u8 UART_state = EXPECTING_COMMAND; // initial UART state
                  ^~~~~~~~~~~~~~~~~
../src/zed_LEDs.c:133:18: note: each undeclared identifier is reported only once for each function it appears in
../src/zed_LEDs.c:133:5: warning: unused variable 'UART_state' [-Wunused-variable]
  u8 UART_state = EXPECTING_COMMAND; // initial UART state
     ^~~~~~~~~~
make: *** [src/zed_LEDs.o] Error 1
23:32:07 **** Auto Build of configuration Debug for project zed_LEDs ****
make pre-build main-build 
a9-linaro-pre-build-step
' '
'Building file: ../src/zed_LEDs.c'
'Invoking: ARM v7 gcc compiler'
arm-none-eabi-gcc -Wall -O0 -g3 -c -fmessage-length=0 -MT"src/zed_LEDs.o" -mcpu=cortex-a9 -mfpu=vfpv3 -mfloat-abi=hard -I../../standalone_bsp_2/ps7_cortexa9_0/include -MMD -MP -MF"src/zed_LEDs.d" -MT"src/zed_LEDs.o" -o "src/zed_LEDs.o" "../src/zed_LEDs.c"
In file included from ../src/zed_LEDs.c:7:0:
../../standalone_bsp_2/ps7_cortexa9_0/include/xbasic_types.h:115:2: warning: #warning The xbasics_type.h file is deprecated and users should use xil_types.h and xil_assert. [-Wcpp]
 #warning  The xbasics_type.h file is deprecated and users should use xil_types.h and xil_assert.
  ^~~~~~~
../../standalone_bsp_2/ps7_cortexa9_0/include/xbasic_types.h:116:2: warning: #warning Please refer the Standalone BSP UG647 for further details [-Wcpp]
 #warning  Please refer the Standalone BSP UG647 for further details
  ^~~~~~~
'Finished building: ../src/zed_LEDs.c'
' '
'Building target: zed_LEDs.elf'
'Invoking: ARM v7 gcc linker'
arm-none-eabi-gcc -mcpu=cortex-a9 -mfpu=vfpv3 -mfloat-abi=hard -Wl,-build-id=none -specs=Xilinx.spec -Wl,-T -Wl,../src/lscript.ld -L../../standalone_bsp_2/ps7_cortexa9_0/lib -o "zed_LEDs.elf"  ./src/platform.o ./src/zed_LEDs.o   -Wl,--start-group,-lxil,-lgcc,-lc,--end-group
'Finished building target: zed_LEDs.elf'
' '
'Invoking: ARM v7 Print Size'
arm-none-eabi-size zed_LEDs.elf  |tee "zed_LEDs.elf.size"
   text	   data	    bss	    dec	    hex	filename
  37492	   2832	  23800	  64124	   fa7c	zed_LEDs.elf
'Finished building: zed_LEDs.elf.size'
' '
23:32:41 **** Incremental Build of configuration Debug for project zed_LEDs ****
make pre-build main-build 
a9-linaro-pre-build-step
' '
make: Nothing to be done for `main-build'.
00:04:50 **** Auto Build of configuration Debug for project zed_LEDs ****
make pre-build main-build 
a9-linaro-pre-build-step
' '
'Building file: ../src/zed_LEDs.c'
'Invoking: ARM v7 gcc compiler'
arm-none-eabi-gcc -Wall -O0 -g3 -c -fmessage-length=0 -MT"src/zed_LEDs.o" -mcpu=cortex-a9 -mfpu=vfpv3 -mfloat-abi=hard -I../../standalone_bsp_2/ps7_cortexa9_0/include -MMD -MP -MF"src/zed_LEDs.d" -MT"src/zed_LEDs.o" -o "src/zed_LEDs.o" "../src/zed_LEDs.c"
In file included from ../src/zed_LEDs.c:7:0:
../../standalone_bsp_2/ps7_cortexa9_0/include/xbasic_types.h:115:2: warning: #warning The xbasics_type.h file is deprecated and users should use xil_types.h and xil_assert. [-Wcpp]
 #warning  The xbasics_type.h file is deprecated and users should use xil_types.h and xil_assert.
  ^~~~~~~
../../standalone_bsp_2/ps7_cortexa9_0/include/xbasic_types.h:116:2: warning: #warning Please refer the Standalone BSP UG647 for further details [-Wcpp]
 #warning  Please refer the Standalone BSP UG647 for further details
  ^~~~~~~
'Finished building: ../src/zed_LEDs.c'
' '
'Building target: zed_LEDs.elf'
'Invoking: ARM v7 gcc linker'
arm-none-eabi-gcc -mcpu=cortex-a9 -mfpu=vfpv3 -mfloat-abi=hard -Wl,-build-id=none -specs=Xilinx.spec -Wl,-T -Wl,../src/lscript.ld -L../../standalone_bsp_2/ps7_cortexa9_0/lib -o "zed_LEDs.elf"  ./src/platform.o ./src/zed_LEDs.o   -Wl,--start-group,-lxil,-lgcc,-lc,--end-group
'Finished building target: zed_LEDs.elf'
' '
'Invoking: ARM v7 Print Size'
arm-none-eabi-size zed_LEDs.elf  |tee "zed_LEDs.elf.size"
   text	   data	    bss	    dec	    hex	filename
  37492	   2832	  23800	  64124	   fa7c	zed_LEDs.elf
'Finished building: zed_LEDs.elf.size'
' '
00:05:01 **** Incremental Build of configuration Debug for project zed_LEDs ****
make pre-build main-build 
a9-linaro-pre-build-step
' '
make: Nothing to be done for `main-build'.
01:04:01 **** Auto Build of configuration Debug for project zed_LEDs ****
make pre-build main-build 
a9-linaro-pre-build-step
' '
'Building file: ../src/zed_LEDs.c'
'Invoking: ARM v7 gcc compiler'
arm-none-eabi-gcc -Wall -O0 -g3 -c -fmessage-length=0 -MT"src/zed_LEDs.o" -mcpu=cortex-a9 -mfpu=vfpv3 -mfloat-abi=hard -I../../standalone_bsp_2/ps7_cortexa9_0/include -MMD -MP -MF"src/zed_LEDs.d" -MT"src/zed_LEDs.o" -o "src/zed_LEDs.o" "../src/zed_LEDs.c"
In file included from ../src/zed_LEDs.c:7:0:
../../standalone_bsp_2/ps7_cortexa9_0/include/xbasic_types.h:115:2: warning: #warning The xbasics_type.h file is deprecated and users should use xil_types.h and xil_assert. [-Wcpp]
 #warning  The xbasics_type.h file is deprecated and users should use xil_types.h and xil_assert.
  ^~~~~~~
../../standalone_bsp_2/ps7_cortexa9_0/include/xbasic_types.h:116:2: warning: #warning Please refer the Standalone BSP UG647 for further details [-Wcpp]
 #warning  Please refer the Standalone BSP UG647 for further details
  ^~~~~~~
'Finished building: ../src/zed_LEDs.c'
' '
'Building target: zed_LEDs.elf'
'Invoking: ARM v7 gcc linker'
arm-none-eabi-gcc -mcpu=cortex-a9 -mfpu=vfpv3 -mfloat-abi=hard -Wl,-build-id=none -specs=Xilinx.spec -Wl,-T -Wl,../src/lscript.ld -L../../standalone_bsp_2/ps7_cortexa9_0/lib -o "zed_LEDs.elf"  ./src/platform.o ./src/zed_LEDs.o   -Wl,--start-group,-lxil,-lgcc,-lc,--end-group
'Finished building target: zed_LEDs.elf'
' '
'Invoking: ARM v7 Print Size'
arm-none-eabi-size zed_LEDs.elf  |tee "zed_LEDs.elf.size"
   text	   data	    bss	    dec	    hex	filename
  37324	   2832	  23800	  63956	   f9d4	zed_LEDs.elf
'Finished building: zed_LEDs.elf.size'
' '
01:04:09 **** Incremental Build of configuration Debug for project zed_LEDs ****
make pre-build main-build 
a9-linaro-pre-build-step
' '
make: Nothing to be done for `main-build'.
01:17:55 **** Auto Build of configuration Debug for project zed_LEDs ****
make pre-build main-build 
a9-linaro-pre-build-step
' '
'Building file: ../src/zed_LEDs.c'
'Invoking: ARM v7 gcc compiler'
arm-none-eabi-gcc -Wall -O0 -g3 -c -fmessage-length=0 -MT"src/zed_LEDs.o" -mcpu=cortex-a9 -mfpu=vfpv3 -mfloat-abi=hard -I../../standalone_bsp_2/ps7_cortexa9_0/include -MMD -MP -MF"src/zed_LEDs.d" -MT"src/zed_LEDs.o" -o "src/zed_LEDs.o" "../src/zed_LEDs.c"
In file included from ../src/zed_LEDs.c:7:0:
../../standalone_bsp_2/ps7_cortexa9_0/include/xbasic_types.h:115:2: warning: #warning The xbasics_type.h file is deprecated and users should use xil_types.h and xil_assert. [-Wcpp]
 #warning  The xbasics_type.h file is deprecated and users should use xil_types.h and xil_assert.
  ^~~~~~~
../../standalone_bsp_2/ps7_cortexa9_0/include/xbasic_types.h:116:2: warning: #warning Please refer the Standalone BSP UG647 for further details [-Wcpp]
 #warning  Please refer the Standalone BSP UG647 for further details
  ^~~~~~~
../src/zed_LEDs.c: In function 'read_uart_bytes':
../src/zed_LEDs.c:656:4: warning: implicit declaration of function 'load_sawtooth_data_up'; did you mean 'load_sawtooth_data'? [-Wimplicit-function-declaration]
    load_sawtooth_data_up();
    ^~~~~~~~~~~~~~~~~~~~~
    load_sawtooth_data
../src/zed_LEDs.c:660:4: warning: implicit declaration of function 'load_sawtooth_data_down'; did you mean 'load_sawtooth_data'? [-Wimplicit-function-declaration]
    load_sawtooth_data_down();
    ^~~~~~~~~~~~~~~~~~~~~~~
    load_sawtooth_data
../src/zed_LEDs.c: At top level:
../src/zed_LEDs.c:669:6: warning: conflicting types for 'load_sawtooth_data_up'
 void load_sawtooth_data_up(void)
      ^~~~~~~~~~~~~~~~~~~~~
../src/zed_LEDs.c:656:4: note: previous implicit declaration of 'load_sawtooth_data_up' was here
    load_sawtooth_data_up();
    ^~~~~~~~~~~~~~~~~~~~~
../src/zed_LEDs.c:692:6: warning: conflicting types for 'load_sawtooth_data_down'
 void load_sawtooth_data_down(void)
      ^~~~~~~~~~~~~~~~~~~~~~~
../src/zed_LEDs.c:660:4: note: previous implicit declaration of 'load_sawtooth_data_down' was here
    load_sawtooth_data_down();
    ^~~~~~~~~~~~~~~~~~~~~~~
'Finished building: ../src/zed_LEDs.c'
' '
'Building target: zed_LEDs.elf'
'Invoking: ARM v7 gcc linker'
arm-none-eabi-gcc -mcpu=cortex-a9 -mfpu=vfpv3 -mfloat-abi=hard -Wl,-build-id=none -specs=Xilinx.spec -Wl,-T -Wl,../src/lscript.ld -L../../standalone_bsp_2/ps7_cortexa9_0/lib -o "zed_LEDs.elf"  ./src/platform.o ./src/zed_LEDs.o   -Wl,--start-group,-lxil,-lgcc,-lc,--end-group
'Finished building target: zed_LEDs.elf'
' '
'Invoking: ARM v7 Print Size'
arm-none-eabi-size zed_LEDs.elf  |tee "zed_LEDs.elf.size"
   text	   data	    bss	    dec	    hex	filename
  37580	   2832	  23800	  64212	   fad4	zed_LEDs.elf
'Finished building: zed_LEDs.elf.size'
' '
01:19:31 **** Auto Build of configuration Debug for project zed_LEDs ****
make pre-build main-build 
a9-linaro-pre-build-step
' '
'Building file: ../src/zed_LEDs.c'
'Invoking: ARM v7 gcc compiler'
arm-none-eabi-gcc -Wall -O0 -g3 -c -fmessage-length=0 -MT"src/zed_LEDs.o" -mcpu=cortex-a9 -mfpu=vfpv3 -mfloat-abi=hard -I../../standalone_bsp_2/ps7_cortexa9_0/include -MMD -MP -MF"src/zed_LEDs.d" -MT"src/zed_LEDs.o" -o "src/zed_LEDs.o" "../src/zed_LEDs.c"
In file included from ../src/zed_LEDs.c:7:0:
../../standalone_bsp_2/ps7_cortexa9_0/include/xbasic_types.h:115:2: warning: #warning The xbasics_type.h file is deprecated and users should use xil_types.h and xil_assert. [-Wcpp]
 #warning  The xbasics_type.h file is deprecated and users should use xil_types.h and xil_assert.
  ^~~~~~~
../../standalone_bsp_2/ps7_cortexa9_0/include/xbasic_types.h:116:2: warning: #warning Please refer the Standalone BSP UG647 for further details [-Wcpp]
 #warning  Please refer the Standalone BSP UG647 for further details
  ^~~~~~~
'Finished building: ../src/zed_LEDs.c'
' '
'Building target: zed_LEDs.elf'
'Invoking: ARM v7 gcc linker'
arm-none-eabi-gcc -mcpu=cortex-a9 -mfpu=vfpv3 -mfloat-abi=hard -Wl,-build-id=none -specs=Xilinx.spec -Wl,-T -Wl,../src/lscript.ld -L../../standalone_bsp_2/ps7_cortexa9_0/lib -o "zed_LEDs.elf"  ./src/platform.o ./src/zed_LEDs.o   -Wl,--start-group,-lxil,-lgcc,-lc,--end-group
'Finished building target: zed_LEDs.elf'
' '
'Invoking: ARM v7 Print Size'
arm-none-eabi-size zed_LEDs.elf  |tee "zed_LEDs.elf.size"
   text	   data	    bss	    dec	    hex	filename
  37580	   2832	  23800	  64212	   fad4	zed_LEDs.elf
'Finished building: zed_LEDs.elf.size'
' '
01:19:57 **** Auto Build of configuration Debug for project zed_LEDs ****
make pre-build main-build 
a9-linaro-pre-build-step
' '
'Building file: ../src/zed_LEDs.c'
'Invoking: ARM v7 gcc compiler'
arm-none-eabi-gcc -Wall -O0 -g3 -c -fmessage-length=0 -MT"src/zed_LEDs.o" -mcpu=cortex-a9 -mfpu=vfpv3 -mfloat-abi=hard -I../../standalone_bsp_2/ps7_cortexa9_0/include -MMD -MP -MF"src/zed_LEDs.d" -MT"src/zed_LEDs.o" -o "src/zed_LEDs.o" "../src/zed_LEDs.c"
In file included from ../src/zed_LEDs.c:7:0:
../../standalone_bsp_2/ps7_cortexa9_0/include/xbasic_types.h:115:2: warning: #warning The xbasics_type.h file is deprecated and users should use xil_types.h and xil_assert. [-Wcpp]
 #warning  The xbasics_type.h file is deprecated and users should use xil_types.h and xil_assert.
  ^~~~~~~
../../standalone_bsp_2/ps7_cortexa9_0/include/xbasic_types.h:116:2: warning: #warning Please refer the Standalone BSP UG647 for further details [-Wcpp]
 #warning  Please refer the Standalone BSP UG647 for further details
  ^~~~~~~
'Finished building: ../src/zed_LEDs.c'
' '
'Building target: zed_LEDs.elf'
'Invoking: ARM v7 gcc linker'
arm-none-eabi-gcc -mcpu=cortex-a9 -mfpu=vfpv3 -mfloat-abi=hard -Wl,-build-id=none -specs=Xilinx.spec -Wl,-T -Wl,../src/lscript.ld -L../../standalone_bsp_2/ps7_cortexa9_0/lib -o "zed_LEDs.elf"  ./src/platform.o ./src/zed_LEDs.o   -Wl,--start-group,-lxil,-lgcc,-lc,--end-group
'Finished building target: zed_LEDs.elf'
' '
'Invoking: ARM v7 Print Size'
arm-none-eabi-size zed_LEDs.elf  |tee "zed_LEDs.elf.size"
   text	   data	    bss	    dec	    hex	filename
[...]
   text	   data	    bss	    dec	    hex	filename
  42860	   2864	  23896	  69620	  10ff4	zed_LEDs.elf
'Finished building: zed_LEDs.elf.size'
' '
02:11:50 **** Incremental Build of configuration Debug for project zed_LEDs ****
make pre-build main-build 
a9-linaro-pre-build-step
' '
make: Nothing to be done for `main-build'.
02:22:20 **** Auto Build of configuration Debug for project zed_LEDs ****
make pre-build main-build 
a9-linaro-pre-build-step
' '
'Building file: ../src/zed_LEDs.c'
'Invoking: ARM v7 gcc compiler'
arm-none-eabi-gcc -Wall -O0 -g3 -c -fmessage-length=0 -MT"src/zed_LEDs.o" -mcpu=cortex-a9 -mfpu=vfpv3 -mfloat-abi=hard -I../../standalone_bsp_3/ps7_cortexa9_0/include -MMD -MP -MF"src/zed_LEDs.d" -MT"src/zed_LEDs.o" -o "src/zed_LEDs.o" "../src/zed_LEDs.c"
In file included from ../src/zed_LEDs.c:7:0:
../../standalone_bsp_3/ps7_cortexa9_0/include/xbasic_types.h:115:2: warning: #warning The xbasics_type.h file is deprecated and users should use xil_types.h and xil_assert. [-Wcpp]
 #warning  The xbasics_type.h file is deprecated and users should use xil_types.h and xil_assert.
  ^~~~~~~
../../standalone_bsp_3/ps7_cortexa9_0/include/xbasic_types.h:116:2: warning: #warning Please refer the Standalone BSP UG647 for further details [-Wcpp]
 #warning  Please refer the Standalone BSP UG647 for further details
  ^~~~~~~
'Finished building: ../src/zed_LEDs.c'
' '
'Building target: zed_LEDs.elf'
'Invoking: ARM v7 gcc linker'
arm-none-eabi-gcc -mcpu=cortex-a9 -mfpu=vfpv3 -mfloat-abi=hard -Wl,-build-id=none -specs=Xilinx.spec -Wl,-T -Wl,../src/lscript.ld -L../../standalone_bsp_3/ps7_cortexa9_0/lib -o "zed_LEDs.elf"  ./src/platform.o ./src/zed_LEDs.o   -Wl,--start-group,-lxil,-lgcc,-lc,--end-group
'Finished building target: zed_LEDs.elf'
' '
'Invoking: ARM v7 Print Size'
arm-none-eabi-size zed_LEDs.elf  |tee "zed_LEDs.elf.size"
   text	   data	    bss	    dec	    hex	filename
  42860	   2864	  23896	  69620	  10ff4	zed_LEDs.elf
'Finished building: zed_LEDs.elf.size'
' '
02:22:28 **** Incremental Build of configuration Debug for project zed_LEDs ****
make pre-build main-build 
a9-linaro-pre-build-step
' '
make: Nothing to be done for `main-build'.
02:27:57 **** Incremental Build of configuration Debug for project zed_LEDs ****
make pre-build main-build 
a9-linaro-pre-build-step
' '
make: Nothing to be done for `main-build'.
02:34:25 **** Incremental Build of configuration Debug for project zed_LEDs ****
make pre-build main-build 
a9-linaro-pre-build-step
' '
'Building file: ../src/zed_LEDs.c'
'Invoking: ARM v7 gcc compiler'
arm-none-eabi-gcc -Wall -O0 -g3 -c -fmessage-length=0 -MT"src/zed_LEDs.o" -mcpu=cortex-a9 -mfpu=vfpv3 -mfloat-abi=hard -I../../standalone_bsp_3/ps7_cortexa9_0/include -MMD -MP -MF"src/zed_LEDs.d" -MT"src/zed_LEDs.o" -o "src/zed_LEDs.o" "../src/zed_LEDs.c"
In file included from ../src/zed_LEDs.c:7:0:
../../standalone_bsp_3/ps7_cortexa9_0/include/xbasic_types.h:115:2: warning: #warning The xbasics_type.h file is deprecated and users should use xil_types.h and xil_assert. [-Wcpp]
 #warning  The xbasics_type.h file is deprecated and users should use xil_types.h and xil_assert.
  ^~~~~~~
../../standalone_bsp_3/ps7_cortexa9_0/include/xbasic_types.h:116:2: warning: #warning Please refer the Standalone BSP UG647 for further details [-Wcpp]
 #warning  Please refer the Standalone BSP UG647 for further details
  ^~~~~~~
'Finished building: ../src/zed_LEDs.c'
' '
'Building target: zed_LEDs.elf'
'Invoking: ARM v7 gcc linker'
arm-none-eabi-gcc -mcpu=cortex-a9 -mfpu=vfpv3 -mfloat-abi=hard -Wl,-build-id=none -specs=Xilinx.spec -Wl,-T -Wl,../src/lscript.ld -L../../standalone_bsp_3/ps7_cortexa9_0/lib -o "zed_LEDs.elf"  ./src/platform.o ./src/zed_LEDs.o   -Wl,--start-group,-lxil,-lgcc,-lc,--end-group
'Finished building target: zed_LEDs.elf'
' '
'Invoking: ARM v7 Print Size'
arm-none-eabi-size zed_LEDs.elf  |tee "zed_LEDs.elf.size"
   text	   data	    bss	    dec	    hex	filename
  42860	   2864	  23896	  69620	  10ff4	zed_LEDs.elf
'Finished building: zed_LEDs.elf.size'
' '
02:39:57 **** Auto Build of configuration Debug for project zed_LEDs ****
make pre-build main-build 
a9-linaro-pre-build-step
' '
'Building file: ../src/zed_LEDs.c'
'Invoking: ARM v7 gcc compiler'
arm-none-eabi-gcc -Wall -O0 -g3 -c -fmessage-length=0 -MT"src/zed_LEDs.o" -mcpu=cortex-a9 -mfpu=vfpv3 -mfloat-abi=hard -I../../standalone_bsp_3/ps7_cortexa9_0/include -MMD -MP -MF"src/zed_LEDs.d" -MT"src/zed_LEDs.o" -o "src/zed_LEDs.o" "../src/zed_LEDs.c"
In file included from ../src/zed_LEDs.c:7:0:
../../standalone_bsp_3/ps7_cortexa9_0/include/xbasic_types.h:115:2: warning: #warning The xbasics_type.h file is deprecated and users should use xil_types.h and xil_assert. [-Wcpp]
 #warning  The xbasics_type.h file is deprecated and users should use xil_types.h and xil_assert.
  ^~~~~~~
../../standalone_bsp_3/ps7_cortexa9_0/include/xbasic_types.h:116:2: warning: #warning Please refer the Standalone BSP UG647 for further details [-Wcpp]
 #warning  Please refer the Standalone BSP UG647 for further details
  ^~~~~~~
'Finished building: ../src/zed_LEDs.c'
' '
'Building target: zed_LEDs.elf'
'Invoking: ARM v7 gcc linker'
arm-none-eabi-gcc -mcpu=cortex-a9 -mfpu=vfpv3 -mfloat-abi=hard -Wl,-build-id=none -specs=Xilinx.spec -Wl,-T -Wl,../src/lscript.ld -L../../standalone_bsp_3/ps7_cortexa9_0/lib -o "zed_LEDs.elf"  ./src/platform.o ./src/zed_LEDs.o   -Wl,--start-group,-lxil,-lgcc,-lc,--end-group
'Finished building target: zed_LEDs.elf'
' '
'Invoking: ARM v7 Print Size'
arm-none-eabi-size zed_LEDs.elf  |tee "zed_LEDs.elf.size"
   text	   data	    bss	    dec	    hex	filename
  42860	   2864	  23896	  69620	  10ff4	zed_LEDs.elf
'Finished building: zed_LEDs.elf.size'
' '
02:40:04 **** Incremental Build of configuration Debug for project zed_LEDs ****
make pre-build main-build 
a9-linaro-pre-build-step
' '
make: Nothing to be done for `main-build'.
02:42:35 **** Incremental Build of configuration Debug for project zed_LEDs ****
make pre-build main-build 
a9-linaro-pre-build-step
' '
make: Nothing to be done for `main-build'.
02:43:40 **** Incremental Build of configuration Debug for project zed_LEDs ****
make pre-build main-build 
a9-linaro-pre-build-step
' '
make: Nothing to be done for `main-build'.
02:53:32 **** Auto Build of configuration Debug for project zed_LEDs ****
make pre-build main-build 
a9-linaro-pre-build-step
' '
'Building file: ../src/zed_LEDs.c'
'Invoking: ARM v7 gcc compiler'
arm-none-eabi-gcc -Wall -O0 -g3 -c -fmessage-length=0 -MT"src/zed_LEDs.o" -mcpu=cortex-a9 -mfpu=vfpv3 -mfloat-abi=hard -I../../standalone_bsp_3/ps7_cortexa9_0/include -MMD -MP -MF"src/zed_LEDs.d" -MT"src/zed_LEDs.o" -o "src/zed_LEDs.o" "../src/zed_LEDs.c"
In file included from ../src/zed_LEDs.c:7:0:
../../standalone_bsp_3/ps7_cortexa9_0/include/xbasic_types.h:115:2: warning: #warning The xbasics_type.h file is deprecated and users should use xil_types.h and xil_assert. [-Wcpp]
 #warning  The xbasics_type.h file is deprecated and users should use xil_types.h and xil_assert.
  ^~~~~~~
../../standalone_bsp_3/ps7_cortexa9_0/include/xbasic_types.h:116:2: warning: #warning Please refer the Standalone BSP UG647 for further details [-Wcpp]
 #warning  Please refer the Standalone BSP UG647 for further details
  ^~~~~~~
'Finished building: ../src/zed_LEDs.c'
' '
'Building target: zed_LEDs.elf'
'Invoking: ARM v7 gcc linker'
arm-none-eabi-gcc -mcpu=cortex-a9 -mfpu=vfpv3 -mfloat-abi=hard -Wl,-build-id=none -specs=Xilinx.spec -Wl,-T -Wl,../src/lscript.ld -L../../standalone_bsp_3/ps7_cortexa9_0/lib -o "zed_LEDs.elf"  ./src/platform.o ./src/zed_LEDs.o   -Wl,--start-group,-lxil,-lgcc,-lc,--end-group
'Finished building target: zed_LEDs.elf'
' '
'Invoking: ARM v7 Print Size'
arm-none-eabi-size zed_LEDs.elf  |tee "zed_LEDs.elf.size"
   text	   data	    bss	    dec	    hex	filename
  42292	   2864	  23896	  69052	  10dbc	zed_LEDs.elf
'Finished building: zed_LEDs.elf.size'
' '
02:53:47 **** Incremental Build of configuration Debug for project zed_LEDs ****
make pre-build main-build 
a9-linaro-pre-build-step
' '
make: Nothing to be done for `main-build'.
03:56:22 **** Auto Build of configuration Debug for project zed_LEDs ****
make pre-build main-build 
a9-linaro-pre-build-step
' '
'Building file: ../src/zed_LEDs.c'
'Invoking: ARM v7 gcc compiler'
arm-none-eabi-gcc -Wall -O0 -g3 -c -fmessage-length=0 -MT"src/zed_LEDs.o" -mcpu=cortex-a9 -mfpu=vfpv3 -mfloat-abi=hard -I../../standalone_bsp_3/ps7_cortexa9_0/include -MMD -MP -MF"src/zed_LEDs.d" -MT"src/zed_LEDs.o" -o "src/zed_LEDs.o" "../src/zed_LEDs.c"
In file included from ../src/zed_LEDs.c:7:0:
../../standalone_bsp_3/ps7_cortexa9_0/include/xbasic_types.h:115:2: warning: #warning The xbasics_type.h file is deprecated and users should use xil_types.h and xil_assert. [-Wcpp]
 #warning  The xbasics_type.h file is deprecated and users should use xil_types.h and xil_assert.
  ^~~~~~~
../../standalone_bsp_3/ps7_cortexa9_0/include/xbasic_types.h:116:2: warning: #warning Please refer the Standalone BSP UG647 for further details [-Wcpp]
 #warning  Please refer the Standalone BSP UG647 for further details
  ^~~~~~~
../src/zed_LEDs.c: In function 'main':
../src/zed_LEDs.c:214:6: warning: unused variable 'spi_control' [-Wunused-variable]
  u32 spi_control = 0;
      ^~~~~~~~~~~
'Finished building: ../src/zed_LEDs.c'
' '
'Building target: zed_LEDs.elf'
'Invoking: ARM v7 gcc linker'
arm-none-eabi-gcc -mcpu=cortex-a9 -mfpu=vfpv3 -mfloat-abi=hard -Wl,-build-id=none -specs=Xilinx.spec -Wl,-T -Wl,../src/lscript.ld -L../../standalone_bsp_3/ps7_cortexa9_0/lib -o "zed_LEDs.elf"  ./src/platform.o ./src/zed_LEDs.o   -Wl,--start-group,-lxil,-lgcc,-lc,--end-group
'Finished building target: zed_LEDs.elf'
' '
'Invoking: ARM v7 Print Size'
arm-none-eabi-size zed_LEDs.elf  |tee "zed_LEDs.elf.size"
   text	   data	    bss	    dec	    hex	filename
  42356	   2864	  23896	  69116	  10dfc	zed_LEDs.elf
'Finished building: zed_LEDs.elf.size'
' '
03:56:50 **** Auto Build of configuration Debug for project zed_LEDs ****
make pre-build main-build 
a9-linaro-pre-build-step
' '
'Building file: ../src/zed_LEDs.c'
'Invoking: ARM v7 gcc compiler'
arm-none-eabi-gcc -Wall -O0 -g3 -c -fmessage-length=0 -MT"src/zed_LEDs.o" -mcpu=cortex-a9 -mfpu=vfpv3 -mfloat-abi=hard -I../../standalone_bsp_3/ps7_cortexa9_0/include -MMD -MP -MF"src/zed_LEDs.d" -MT"src/zed_LEDs.o" -o "src/zed_LEDs.o" "../src/zed_LEDs.c"
In file included from ../src/zed_LEDs.c:7:0:
../../standalone_bsp_3/ps7_cortexa9_0/include/xbasic_types.h:115:2: warning: #warning The xbasics_type.h file is deprecated and users should use xil_types.h and xil_assert. [-Wcpp]
 #warning  The xbasics_type.h file is deprecated and users should use xil_types.h and xil_assert.
  ^~~~~~~
../../standalone_bsp_3/ps7_cortexa9_0/include/xbasic_types.h:116:2: warning: #warning Please refer the Standalone BSP UG647 for further details [-Wcpp]
 #warning  Please refer the Standalone BSP UG647 for further details
  ^~~~~~~
../src/zed_LEDs.c: In function 'main':
../src/zed_LEDs.c:214:6: warning: variable 'spi_control' set but not used [-Wunused-but-set-variable]
  u32 spi_control = 0;
      ^~~~~~~~~~~
'Finished building: ../src/zed_LEDs.c'
' '
'Building target: zed_LEDs.elf'
'Invoking: ARM v7 gcc linker'
arm-none-eabi-gcc -mcpu=cortex-a9 -mfpu=vfpv3 -mfloat-abi=hard -Wl,-build-id=none -specs=Xilinx.spec -Wl,-T -Wl,../src/lscript.ld -L../../standalone_bsp_3/ps7_cortexa9_0/lib -o "zed_LEDs.elf"  ./src/platform.o ./src/zed_LEDs.o   -Wl,--start-group,-lxil,-lgcc,-lc,--end-group
'Finished building target: zed_LEDs.elf'
' '
'Invoking: ARM v7 Print Size'
arm-none-eabi-size zed_LEDs.elf  |tee "zed_LEDs.elf.size"
   text	   data	    bss	    dec	    hex	filename
  42356	   2864	  23896	  69116	  10dfc	zed_LEDs.elf
'Finished building: zed_LEDs.elf.size'
' '
03:57:18 **** Incremental Build of configuration Debug for project zed_LEDs ****
make pre-build main-build 
a9-linaro-pre-build-step
' '
make: Nothing to be done for `main-build'.
04:05:22 **** Auto Build of configuration Debug for project zed_LEDs ****
make pre-build main-build 
a9-linaro-pre-build-step
' '
'Building file: ../src/zed_LEDs.c'
'Invoking: ARM v7 gcc compiler'
arm-none-eabi-gcc -Wall -O0 -g3 -c -fmessage-length=0 -MT"src/zed_LEDs.o" -mcpu=cortex-a9 -mfpu=vfpv3 -mfloat-abi=hard -I../../standalone_bsp_3/ps7_cortexa9_0/include -MMD -MP -MF"src/zed_LEDs.d" -MT"src/zed_LEDs.o" -o "src/zed_LEDs.o" "../src/zed_LEDs.c"
In file included from ../src/zed_LEDs.c:7:0:
../../standalone_bsp_3/ps7_cortexa9_0/include/xbasic_types.h:115:2: warning: #warning The xbasics_type.h file is deprecated and users should use xil_types.h and xil_assert. [-Wcpp]
 #warning  The xbasics_type.h file is deprecated and users should use xil_types.h and xil_assert.
  ^~~~~~~
../../standalone_bsp_3/ps7_cortexa9_0/include/xbasic_types.h:116:2: warning: #warning Please refer the Standalone BSP UG647 for further details [-Wcpp]
 #warning  Please refer the Standalone BSP UG647 for further details
  ^~~~~~~
../src/zed_LEDs.c: In function 'main':
../src/zed_LEDs.c:214:6: warning: variable 'spi_control' set but not used [-Wunused-but-set-variable]
  u32 spi_control = 0;
      ^~~~~~~~~~~
'Finished building: ../src/zed_LEDs.c'
' '
'Building target: zed_LEDs.elf'
'Invoking: ARM v7 gcc linker'
arm-none-eabi-gcc -mcpu=cortex-a9 -mfpu=vfpv3 -mfloat-abi=hard -Wl,-build-id=none -specs=Xilinx.spec -Wl,-T -Wl,../src/lscript.ld -L../../standalone_bsp_3/ps7_cortexa9_0/lib -o "zed_LEDs.elf"  ./src/platform.o ./src/zed_LEDs.o   -Wl,--start-group,-lxil,-lgcc,-lc,--end-group
'Finished building target: zed_LEDs.elf'
' '
'Invoking: ARM v7 Print Size'
arm-none-eabi-size zed_LEDs.elf  |tee "zed_LEDs.elf.size"
   text	   data	    bss	    dec	    hex	filename
  42356	   2864	  23896	  69116	  10dfc	zed_LEDs.elf
'Finished building: zed_LEDs.elf.size'
' '
04:05:50 **** Incremental Build of configuration Debug for project zed_LEDs ****
make pre-build main-build 
a9-linaro-pre-build-step
' '
make: Nothing to be done for `main-build'.
04:13:10 **** Auto Build of configuration Debug for project zed_LEDs ****
make pre-build main-build 
a9-linaro-pre-build-step
' '
'Building file: ../src/zed_LEDs.c'
'Invoking: ARM v7 gcc compiler'
arm-none-eabi-gcc -Wall -O0 -g3 -c -fmessage-length=0 -MT"src/zed_LEDs.o" -mcpu=cortex-a9 -mfpu=vfpv3 -mfloat-abi=hard -I../../standalone_bsp_3/ps7_cortexa9_0/include -MMD -MP -MF"src/zed_LEDs.d" -MT"src/zed_LEDs.o" -o "src/zed_LEDs.o" "../src/zed_LEDs.c"
In file included from ../src/zed_LEDs.c:7:0:
../../standalone_bsp_3/ps7_cortexa9_0/include/xbasic_types.h:115:2: warning: #warning The xbasics_type.h file is deprecated and users should use xil_types.h and xil_assert. [-Wcpp]
 #warning  The xbasics_type.h file is deprecated and users should use xil_types.h and xil_assert.
  ^~~~~~~
../../standalone_bsp_3/ps7_cortexa9_0/include/xbasic_types.h:116:2: warning: #warning Please refer the Standalone BSP UG647 for further details [-Wcpp]
 #warning  Please refer the Standalone BSP UG647 for further details
  ^~~~~~~
../src/zed_LEDs.c: In function 'main':
../src/zed_LEDs.c:214:6: warning: variable 'spi_control' set but not used [-Wunused-but-set-variable]
  u32 spi_control = 0;
      ^~~~~~~~~~~
'Finished building: ../src/zed_LEDs.c'
' '
'Building target: zed_LEDs.elf'
'Invoking: ARM v7 gcc linker'
arm-none-eabi-gcc -mcpu=cortex-a9 -mfpu=vfpv3 -mfloat-abi=hard -Wl,-build-id=none -specs=Xilinx.spec -Wl,-T -Wl,../src/lscript.ld -L../../standalone_bsp_3/ps7_cortexa9_0/lib -o "zed_LEDs.elf"  ./src/platform.o ./src/zed_LEDs.o   -Wl,--start-group,-lxil,-lgcc,-lc,--end-group
'Finished building target: zed_LEDs.elf'
' '
'Invoking: ARM v7 Print Size'
arm-none-eabi-size zed_LEDs.elf  |tee "zed_LEDs.elf.size"
   text	   data	    bss	    dec	    hex	filename
  42420	   2864	  23896	  69180	  10e3c	zed_LEDs.elf
'Finished building: zed_LEDs.elf.size'
' '
04:13:17 **** Incremental Build of configuration Debug for project zed_LEDs ****
make pre-build main-build 
a9-linaro-pre-build-step
' '
make: Nothing to be done for `main-build'.
04:31:51 **** Auto Build of configuration Debug for project zed_LEDs ****
make pre-build main-build 
a9-linaro-pre-build-step
' '
'Building file: ../src/zed_LEDs.c'
'Invoking: ARM v7 gcc compiler'
arm-none-eabi-gcc -Wall -O0 -g3 -c -fmessage-length=0 -MT"src/zed_LEDs.o" -mcpu=cortex-a9 -mfpu=vfpv3 -mfloat-abi=hard -I../../standalone_bsp_3/ps7_cortexa9_0/include -MMD -MP -MF"src/zed_LEDs.d" -MT"src/zed_LEDs.o" -o "src/zed_LEDs.o" "../src/zed_LEDs.c"
In file included from ../src/zed_LEDs.c:7:0:
../../standalone_bsp_3/ps7_cortexa9_0/include/xbasic_types.h:115:2: warning: #warning The xbasics_type.h file is deprecated and users should use xil_types.h and xil_assert. [-Wcpp]
 #warning  The xbasics_type.h file is deprecated and users should use xil_types.h and xil_assert.
  ^~~~~~~
../../standalone_bsp_3/ps7_cortexa9_0/include/xbasic_types.h:116:2: warning: #warning Please refer the Standalone BSP UG647 for further details [-Wcpp]
 #warning  Please refer the Standalone BSP UG647 for further details
  ^~~~~~~
../src/zed_LEDs.c: In function 'main':
../src/zed_LEDs.c:214:6: warning: variable 'spi_control' set but not used [-Wunused-but-set-variable]
  u32 spi_control = 0;
      ^~~~~~~~~~~
'Finished building: ../src/zed_LEDs.c'
' '
'Building target: zed_LEDs.elf'
'Invoking: ARM v7 gcc linker'
arm-none-eabi-gcc -mcpu=cortex-a9 -mfpu=vfpv3 -mfloat-abi=hard -Wl,-build-id=none -specs=Xilinx.spec -Wl,-T -Wl,../src/lscript.ld -L../../standalone_bsp_3/ps7_cortexa9_0/lib -o "zed_LEDs.elf"  ./src/platform.o ./src/zed_LEDs.o   -Wl,--start-group,-lxil,-lgcc,-lc,--end-group
'Finished building target: zed_LEDs.elf'
' '
'Invoking: ARM v7 Print Size'
arm-none-eabi-size zed_LEDs.elf  |tee "zed_LEDs.elf.size"
   text	   data	    bss	    dec	    hex	filename
  42420	   2864	  23896	  69180	  10e3c	zed_LEDs.elf
'Finished building: zed_LEDs.elf.size'
' '
04:32:03 **** Incremental Build of configuration Debug for project zed_LEDs ****
make pre-build main-build 
a9-linaro-pre-build-step
' '
make: Nothing to be done for `main-build'.
23:34:20 **** Auto Build of configuration Debug for project zed_LEDs ****
make pre-build main-build 
a9-linaro-pre-build-step
' '
'Building file: ../src/zed_LEDs.c'
'Invoking: ARM v7 gcc compiler'
arm-none-eabi-gcc -Wall -O0 -g3 -c -fmessage-length=0 -MT"src/zed_LEDs.o" -mcpu=cortex-a9 -mfpu=vfpv3 -mfloat-abi=hard -I../../standalone_bsp_3/ps7_cortexa9_0/include -MMD -MP -MF"src/zed_LEDs.d" -MT"src/zed_LEDs.o" -o "src/zed_LEDs.o" "../src/zed_LEDs.c"
In file included from ../src/zed_LEDs.c:7:0:
../../standalone_bsp_3/ps7_cortexa9_0/include/xbasic_types.h:115:2: warning: #warning The xbasics_type.h file is deprecated and users should use xil_types.h and xil_assert. [-Wcpp]
 #warning  The xbasics_type.h file is deprecated and users should use xil_types.h and xil_assert.
  ^~~~~~~
../../standalone_bsp_3/ps7_cortexa9_0/include/xbasic_types.h:116:2: warning: #warning Please refer the Standalone BSP UG647 for further details [-Wcpp]
 #warning  Please refer the Standalone BSP UG647 for further details
  ^~~~~~~
../src/zed_LEDs.c: In function 'main':
../src/zed_LEDs.c:218:6: warning: variable 'spi_control' set but not used [-Wunused-but-set-variable]
  u32 spi_control = 0;
      ^~~~~~~~~~~
'Finished building: ../src/zed_LEDs.c'
' '
'Building target: zed_LEDs.elf'
'Invoking: ARM v7 gcc linker'
arm-none-eabi-gcc -mcpu=cortex-a9 -mfpu=vfpv3 -mfloat-abi=hard -Wl,-build-id=none -specs=Xilinx.spec -Wl,-T -Wl,../src/lscript.ld -L../../standalone_bsp_3/ps7_cortexa9_0/lib -o "zed_LEDs.elf"  ./src/platform.o ./src/zed_LEDs.o   -Wl,--start-group,-lxil,-lgcc,-lc,--end-group
'Finished building target: zed_LEDs.elf'
' '
'Invoking: ARM v7 Print Size'
arm-none-eabi-size zed_LEDs.elf  |tee "zed_LEDs.elf.size"
   text	   data	    bss	    dec	    hex	filename
  42420	   2864	  23896	  69180	  10e3c	zed_LEDs.elf
'Finished building: zed_LEDs.elf.size'
' '
