06:35:49 **** Build of configuration Debug for project standalone_bsp_7_xspi_polled_example_1 ****
make pre-build main-build 
a9-linaro-pre-build-step
' '
'Building file: ../src/xspi_polled_example.c'
'Invoking: ARM v7 gcc compiler'
arm-none-eabi-gcc -Wall -O0 -g3 -c -fmessage-length=0 -MT"src/xspi_polled_example.o" -mcpu=cortex-a9 -mfpu=vfpv3 -mfloat-abi=hard -I../../standalone_bsp_7/ps7_cortexa9_0/include -MMD -MP -MF"src/xspi_polled_example.d" -MT"src/xspi_polled_example.o" -o "src/xspi_polled_example.o" "../src/xspi_polled_example.c"
'Finished building: ../src/xspi_polled_example.c'
' '
'Building target: standalone_bsp_7_xspi_polled_example_1.elf'
'Invoking: ARM v7 gcc linker'
arm-none-eabi-gcc -mcpu=cortex-a9 -mfpu=vfpv3 -mfloat-abi=hard -Wl,-build-id=none -specs=Xilinx.spec -Wl,-T -Wl,../src/lscript.ld -L../../standalone_bsp_7/ps7_cortexa9_0/lib -o "standalone_bsp_7_xspi_polled_example_1.elf"  ./src/xspi_polled_example.o   -Wl,--start-group,-lxil,-lgcc,-lc,--end-group
'Finished building target: standalone_bsp_7_xspi_polled_example_1.elf'
' '
'Invoking: ARM v7 Print Size'
arm-none-eabi-size standalone_bsp_7_xspi_polled_example_1.elf  |tee "standalone_bsp_7_xspi_polled_example_1.elf.size"
   text	   data	    bss	    dec	    hex	filename
  27324	   1176	  22696	  51196	   c7fc	standalone_bsp_7_xspi_polled_example_1.elf
'Finished building: standalone_bsp_7_xspi_polled_example_1.elf.size'
' '

06:35:50 Build Finished (took 476ms)

