23:18:52 **** Build of configuration Debug for project xgpiops_intr_example ****
make pre-build main-build 
a9-linaro-pre-build-step
' '
'Building file: ../src/xgpiops_intr_example.c'
'Invoking: ARM v7 gcc compiler'
arm-none-eabi-gcc -Wall -O0 -g3 -c -fmessage-length=0 -MT"src/xgpiops_intr_example.o" -mcpu=cortex-a9 -mfpu=vfpv3 -mfloat-abi=hard -I../../standalone_bsp_2/ps7_cortexa9_0/include -MMD -MP -MF"src/xgpiops_intr_example.d" -MT"src/xgpiops_intr_example.o" -o "src/xgpiops_intr_example.o" "../src/xgpiops_intr_example.c"
'Finished building: ../src/xgpiops_intr_example.c'
' '
'Building target: xgpiops_intr_example.elf'
'Invoking: ARM v7 gcc linker'
arm-none-eabi-gcc -mcpu=cortex-a9 -mfpu=vfpv3 -mfloat-abi=hard -Wl,-build-id=none -specs=Xilinx.spec -Wl,-T -Wl,../src/lscript.ld -L../../standalone_bsp_2/ps7_cortexa9_0/lib -o "xgpiops_intr_example.elf"  ./src/xgpiops_intr_example.o   -Wl,--start-group,-lxil,-lgcc,-lc,--end-group
'Finished building target: xgpiops_intr_example.elf'
' '
'Invoking: ARM v7 Print Size'
arm-none-eabi-size xgpiops_intr_example.elf  |tee "xgpiops_intr_example.elf.size"
   text	   data	    bss	    dec	    hex	filename
  33468	   2728	  22648	  58844	   e5dc	xgpiops_intr_example.elf
'Finished building: xgpiops_intr_example.elf.size'
' '

23:18:53 Build Finished (took 526ms)

