23:18:55 **** Build of configuration Debug for project xuartps_intr_test ****
make pre-build main-build 
a9-linaro-pre-build-step
' '
'Building file: ../src/xuartps_intr_test.c'
'Invoking: ARM v7 gcc compiler'
arm-none-eabi-gcc -Wall -O0 -g3 -c -fmessage-length=0 -MT"src/xuartps_intr_test.o" -mcpu=cortex-a9 -mfpu=vfpv3 -mfloat-abi=hard -I../../standalone_bsp_2/ps7_cortexa9_0/include -MMD -MP -MF"src/xuartps_intr_test.d" -MT"src/xuartps_intr_test.o" -o "src/xuartps_intr_test.o" "../src/xuartps_intr_test.c"
../src/xuartps_intr_test.c: In function 'SetupUartPs':
../src/xuartps_intr_test.c:207:6: warning: unused variable 'BadByteCount' [-Wunused-variable]
  int BadByteCount = 0;
      ^~~~~~~~~~~~
../src/xuartps_intr_test.c:205:6: warning: unused variable 'Index' [-Wunused-variable]
  int Index;
      ^~~~~
At top level:
../src/xuartps_intr_test.c:128:11: warning: 'RecvBuffer' defined but not used [-Wunused-variable]
 static u8 RecvBuffer[TEST_BUFFER_SIZE]; /* Buffer for Receiving Data */
           ^~~~~~~~~~
../src/xuartps_intr_test.c:127:11: warning: 'SendBuffer' defined but not used [-Wunused-variable]
 static u8 SendBuffer[TEST_BUFFER_SIZE]; /* Buffer for Transmitting Data */
           ^~~~~~~~~~
'Finished building: ../src/xuartps_intr_test.c'
' '
'Building target: xuartps_intr_test.elf'
'Invoking: ARM v7 gcc linker'
arm-none-eabi-gcc -mcpu=cortex-a9 -mfpu=vfpv3 -mfloat-abi=hard -Wl,-build-id=none -specs=Xilinx.spec -Wl,-T -Wl,../src/lscript.ld -L../../standalone_bsp_2/ps7_cortexa9_0/lib -o "xuartps_intr_test.elf"  ./src/xuartps_intr_test.o   -Wl,--start-group,-lxil,-lgcc,-lc,--end-group
'Finished building target: xuartps_intr_test.elf'
' '
'Invoking: ARM v7 Print Size'
arm-none-eabi-size xuartps_intr_test.elf  |tee "xuartps_intr_test.elf.size"
   text	   data	    bss	    dec	    hex	filename
  31344	   2768	  22904	  57016	   deb8	xuartps_intr_test.elf
'Finished building: xuartps_intr_test.elf.size'
' '

23:18:55 Build Finished (took 577ms)

