23:18:54 **** Build of configuration Debug for project xuartps_intr_example_modified ****
make pre-build main-build 
a9-linaro-pre-build-step
' '
'Building file: ../src/xuartps_intr_example_modified.c'
'Invoking: ARM v7 gcc compiler'
arm-none-eabi-gcc -Wall -O0 -g3 -c -fmessage-length=0 -MT"src/xuartps_intr_example_modified.o" -mcpu=cortex-a9 -mfpu=vfpv3 -mfloat-abi=hard -I../../standalone_bsp_2/ps7_cortexa9_0/include -MMD -MP -MF"src/xuartps_intr_example_modified.d" -MT"src/xuartps_intr_example_modified.o" -o "src/xuartps_intr_example_modified.o" "../src/xuartps_intr_example_modified.c"
'Finished building: ../src/xuartps_intr_example_modified.c'
' '
'Building target: xuartps_intr_example_modified.elf'
'Invoking: ARM v7 gcc linker'
arm-none-eabi-gcc -mcpu=cortex-a9 -mfpu=vfpv3 -mfloat-abi=hard -Wl,-build-id=none -specs=Xilinx.spec -Wl,-T -Wl,../src/lscript.ld -L../../standalone_bsp_2/ps7_cortexa9_0/lib -o "xuartps_intr_example_modified.elf"  ./src/xuartps_intr_example_modified.o   -Wl,--start-group,-lxil,-lgcc,-lc,--end-group
'Finished building target: xuartps_intr_example_modified.elf'
' '
'Invoking: ARM v7 Print Size'
arm-none-eabi-size xuartps_intr_example_modified.elf  |tee "xuartps_intr_example_modified.elf.size"
   text	   data	    bss	    dec	    hex	filename
  32616	   2768	  22936	  58320	   e3d0	xuartps_intr_example_modified.elf
'Finished building: xuartps_intr_example_modified.elf.size'
' '

23:18:55 Build Finished (took 528ms)

